
> flavorum@1.0.0 web
> expo start --web

Starting project at C:\TimeToCode\Flavorum
Starting Metro Bundler
Waiting on http://localhost:8081
Logs for your project will appear below.
Web Bundled 473ms index.js (673 modules)
 LOG  [web] Logs will appear in the browser console
 ERROR  SyntaxError: C:\TimeToCode\Flavorum\src\screens\NicotineScreen.js: Expected corresponding JSX closing tag for <KeyboardAvoidingView>. (597:4)

  595 |         </View>
  596 |       </Modal>
> 597 |     </SafeAreaView>
      |     ^
  598 |   )
  599 | }
  600 |
    at constructor (C:\TimeToCode\Flavorum\node_modules\@babel\parser\lib\index.js:369:19)
    at FlowParserMixin.raise (C:\TimeToCode\Flavorum\node_modules\@babel\parser\lib\index.js:6620:19)
    at FlowParserMixin.jsxParseElementAt (C:\TimeToCode\Flavorum\node_modules\@babel\parser\lib\index.js:4743:16)
    at FlowParserMixin.jsxParseElementAt (C:\TimeToCode\Flavorum\node_modules\@babel\parser\lib\index.js:4714:32)
    at FlowParserMixin.jsxParseElement (C:\TimeToCode\Flavorum\node_modules\@babel\parser\lib\index.js:4765:17)
    at FlowParserMixin.parseExprAtom (C:\TimeToCode\Flavorum\node_modules\@babel\parser\lib\index.js:4775:19)
    at FlowParserMixin.parseExprSubscripts (C:\TimeToCode\Flavorum\node_modules\@babel\parser\lib\index.js:11102:23)
    at FlowParserMixin.parseUpdate (C:\TimeToCode\Flavorum\node_modules\@babel\parser\lib\index.js:11087:21)
    at FlowParserMixin.parseMaybeUnary (C:\TimeToCode\Flavorum\node_modules\@babel\parser\lib\index.js:11067:23)
    at FlowParserMixin.parseMaybeUnaryOrPrivate (C:\TimeToCode\Flavorum\node_modules\@babel\parser\lib\index.js:10920:61)
    at FlowParserMixin.parseExprOps (C:\TimeToCode\Flavorum\node_modules\@babel\parser\lib\index.js:10925:23)
    at FlowParserMixin.parseMaybeConditional (C:\TimeToCode\Flavorum\node_modules\@babel\parser\lib\index.js:10902:23)
    at FlowParserMixin.parseMaybeAssign (C:\TimeToCode\Flavorum\node_modules\@babel\parser\lib\index.js:10852:21)
    at C:\TimeToCode\Flavorum\node_modules\@babel\parser\lib\index.js:3514:39
    at FlowParserMixin.tryParse (C:\TimeToCode\Flavorum\node_modules\@babel\parser\lib\index.js:6928:20)
    at FlowParserMixin.parseMaybeAssign (C:\TimeToCode\Flavorum\node_modules\@babel\parser\lib\index.js:3514:18)
    at C:\TimeToCode\Flavorum\node_modules\@babel\parser\lib\index.js:10821:39
    at FlowParserMixin.allowInAnd (C:\TimeToCode\Flavorum\node_modules\@babel\parser\lib\index.js:12455:12)
    at FlowParserMixin.parseMaybeAssignAllowIn (C:\TimeToCode\Flavorum\node_modules\@babel\parser\lib\index.js:10821:17)
    at FlowParserMixin.parseMaybeAssignAllowInOrVoidPattern (C:\TimeToCode\Flavorum\node_modules\@babel\parser\lib\index.js:12522:17)
    at FlowParserMixin.parseParenAndDistinguishExpression (C:\TimeToCode\Flavorum\node_modules\@babel\parser\lib\index.js:11701:28)
    at FlowParserMixin.parseParenAndDistinguishExpression (C:\TimeToCode\Flavorum\node_modules\@babel\parser\lib\index.js:3607:18)
    at FlowParserMixin.parseExprAtom (C:\TimeToCode\Flavorum\node_modules\@babel\parser\lib\index.js:11357:23)
    at FlowParserMixin.parseExprAtom (C:\TimeToCode\Flavorum\node_modules\@babel\parser\lib\index.js:4780:20)
    at FlowParserMixin.parseExprSubscripts (C:\TimeToCode\Flavorum\node_modules\@babel\parser\lib\index.js:11102:23)
    at FlowParserMixin.parseUpdate (C:\TimeToCode\Flavorum\node_modules\@babel\parser\lib\index.js:11087:21)
    at FlowParserMixin.parseMaybeUnary (C:\TimeToCode\Flavorum\node_modules\@babel\parser\lib\index.js:11067:23)
    at FlowParserMixin.parseMaybeUnaryOrPrivate (C:\TimeToCode\Flavorum\node_modules\@babel\parser\lib\index.js:10920:61)
    at FlowParserMixin.parseExprOps (C:\TimeToCode\Flavorum\node_modules\@babel\parser\lib\index.js:10925:23)
    at FlowParserMixin.parseMaybeConditional (C:\TimeToCode\Flavorum\node_modules\@babel\parser\lib\index.js:10902:23)
    at FlowParserMixin.parseMaybeAssign (C:\TimeToCode\Flavorum\node_modules\@babel\parser\lib\index.js:10852:21)
    at FlowParserMixin.parseMaybeAssign (C:\TimeToCode\Flavorum\node_modules\@babel\parser\lib\index.js:3565:18)
    at FlowParserMixin.parseExpressionBase (C:\TimeToCode\Flavorum\node_modules\@babel\parser\lib\index.js:10805:23)
    at C:\TimeToCode\Flavorum\node_modules\@babel\parser\lib\index.js:10801:39
    at FlowParserMixin.allowInAnd (C:\TimeToCode\Flavorum\node_modules\@babel\parser\lib\index.js:12450:16)
    at FlowParserMixin.parseExpression (C:\TimeToCode\Flavorum\node_modules\@babel\parser\lib\index.js:10801:17)
    at FlowParserMixin.parseReturnStatement (C:\TimeToCode\Flavorum\node_modules\@babel\parser\lib\index.js:13171:28)
    at FlowParserMixin.parseStatementContent (C:\TimeToCode\Flavorum\node_modules\@babel\parser\lib\index.js:12827:21)
    at FlowParserMixin.parseStatementLike (C:\TimeToCode\Flavorum\node_modules\@babel\parser\lib\index.js:12796:17)
    at FlowParserMixin.parseStatementLike (C:\TimeToCode\Flavorum\node_modules\@babel\parser\lib\index.js:2934:24)
    at FlowParserMixin.parseStatementListItem (C:\TimeToCode\Flavorum\node_modules\@babel\parser\lib\index.js:12776:17)
    at FlowParserMixin.parseBlockOrModuleBlockBody (C:\TimeToCode\Flavorum\node_modules\@babel\parser\lib\index.js:13345:61)
    at FlowParserMixin.parseBlockBody (C:\TimeToCode\Flavorum\node_modules\@babel\parser\lib\index.js:13338:10)
    at FlowParserMixin.parseBlock (C:\TimeToCode\Flavorum\node_modules\@babel\parser\lib\index.js:13326:10)
    at FlowParserMixin.parseFunctionBody (C:\TimeToCode\Flavorum\node_modules\@babel\parser\lib\index.js:12129:24)
    at FlowParserMixin.parseFunctionBody (C:\TimeToCode\Flavorum\node_modules\@babel\parser\lib\index.js:2911:11)
    at FlowParserMixin.parseFunctionBodyAndFinish (C:\TimeToCode\Flavorum\node_modules\@babel\parser\lib\index.js:12115:10)
    at FlowParserMixin.parseFunctionBodyAndFinish (C:\TimeToCode\Flavorum\node_modules\@babel\parser\lib\index.js:2919:18)
    at C:\TimeToCode\Flavorum\node_modules\@babel\parser\lib\index.js:13474:12
    at FlowParserMixin.withSmartMixTopicForbiddingContext (C:\TimeToCode\Flavorum\node_modules\@babel\parser\lib\index.js:12432:14)
 ERROR  SyntaxError: C:\TimeToCode\Flavorum\src\screens\RecipesScreen.js: Expected corresponding JSX closing tag for <KeyboardAvoidingView>. (166:4)

  164 |         )}
  165 |       </ScrollView>
> 166 |     </SafeAreaView>
      |     ^
  167 |   )
  168 | }
  169 |
    at constructor (C:\TimeToCode\Flavorum\node_modules\@babel\parser\lib\index.js:369:19)
    at FlowParserMixin.raise (C:\TimeToCode\Flavorum\node_modules\@babel\parser\lib\index.js:6620:19)
    at FlowParserMixin.jsxParseElementAt (C:\TimeToCode\Flavorum\node_modules\@babel\parser\lib\index.js:4743:16)
    at FlowParserMixin.jsxParseElementAt (C:\TimeToCode\Flavorum\node_modules\@babel\parser\lib\index.js:4714:32)
    at FlowParserMixin.jsxParseElement (C:\TimeToCode\Flavorum\node_modules\@babel\parser\lib\index.js:4765:17)
    at FlowParserMixin.parseExprAtom (C:\TimeToCode\Flavorum\node_modules\@babel\parser\lib\index.js:4775:19)
    at FlowParserMixin.parseExprSubscripts (C:\TimeToCode\Flavorum\node_modules\@babel\parser\lib\index.js:11102:23)
    at FlowParserMixin.parseUpdate (C:\TimeToCode\Flavorum\node_modules\@babel\parser\lib\index.js:11087:21)
    at FlowParserMixin.parseMaybeUnary (C:\TimeToCode\Flavorum\node_modules\@babel\parser\lib\index.js:11067:23)
    at FlowParserMixin.parseMaybeUnaryOrPrivate (C:\TimeToCode\Flavorum\node_modules\@babel\parser\lib\index.js:10920:61)
    at FlowParserMixin.parseExprOps (C:\TimeToCode\Flavorum\node_modules\@babel\parser\lib\index.js:10925:23)
    at FlowParserMixin.parseMaybeConditional (C:\TimeToCode\Flavorum\node_modules\@babel\parser\lib\index.js:10902:23)
    at FlowParserMixin.parseMaybeAssign (C:\TimeToCode\Flavorum\node_modules\@babel\parser\lib\index.js:10852:21)
    at C:\TimeToCode\Flavorum\node_modules\@babel\parser\lib\index.js:3514:39
    at FlowParserMixin.tryParse (C:\TimeToCode\Flavorum\node_modules\@babel\parser\lib\index.js:6928:20)
    at FlowParserMixin.parseMaybeAssign (C:\TimeToCode\Flavorum\node_modules\@babel\parser\lib\index.js:3514:18)
    at C:\TimeToCode\Flavorum\node_modules\@babel\parser\lib\index.js:10821:39
    at FlowParserMixin.allowInAnd (C:\TimeToCode\Flavorum\node_modules\@babel\parser\lib\index.js:12455:12)
    at FlowParserMixin.parseMaybeAssignAllowIn (C:\TimeToCode\Flavorum\node_modules\@babel\parser\lib\index.js:10821:17)
    at FlowParserMixin.parseMaybeAssignAllowInOrVoidPattern (C:\TimeToCode\Flavorum\node_modules\@babel\parser\lib\index.js:12522:17)
    at FlowParserMixin.parseParenAndDistinguishExpression (C:\TimeToCode\Flavorum\node_modules\@babel\parser\lib\index.js:11701:28)
    at FlowParserMixin.parseParenAndDistinguishExpression (C:\TimeToCode\Flavorum\node_modules\@babel\parser\lib\index.js:3607:18)
    at FlowParserMixin.parseExprAtom (C:\TimeToCode\Flavorum\node_modules\@babel\parser\lib\index.js:11357:23)
    at FlowParserMixin.parseExprAtom (C:\TimeToCode\Flavorum\node_modules\@babel\parser\lib\index.js:4780:20)
    at FlowParserMixin.parseExprSubscripts (C:\TimeToCode\Flavorum\node_modules\@babel\parser\lib\index.js:11102:23)
    at FlowParserMixin.parseUpdate (C:\TimeToCode\Flavorum\node_modules\@babel\parser\lib\index.js:11087:21)
    at FlowParserMixin.parseMaybeUnary (C:\TimeToCode\Flavorum\node_modules\@babel\parser\lib\index.js:11067:23)
    at FlowParserMixin.parseMaybeUnaryOrPrivate (C:\TimeToCode\Flavorum\node_modules\@babel\parser\lib\index.js:10920:61)
    at FlowParserMixin.parseExprOps (C:\TimeToCode\Flavorum\node_modules\@babel\parser\lib\index.js:10925:23)
    at FlowParserMixin.parseMaybeConditional (C:\TimeToCode\Flavorum\node_modules\@babel\parser\lib\index.js:10902:23)
    at FlowParserMixin.parseMaybeAssign (C:\TimeToCode\Flavorum\node_modules\@babel\parser\lib\index.js:10852:21)
    at FlowParserMixin.parseMaybeAssign (C:\TimeToCode\Flavorum\node_modules\@babel\parser\lib\index.js:3565:18)
    at FlowParserMixin.parseExpressionBase (C:\TimeToCode\Flavorum\node_modules\@babel\parser\lib\index.js:10805:23)
    at C:\TimeToCode\Flavorum\node_modules\@babel\parser\lib\index.js:10801:39
    at FlowParserMixin.allowInAnd (C:\TimeToCode\Flavorum\node_modules\@babel\parser\lib\index.js:12450:16)
    at FlowParserMixin.parseExpression (C:\TimeToCode\Flavorum\node_modules\@babel\parser\lib\index.js:10801:17)
    at FlowParserMixin.parseReturnStatement (C:\TimeToCode\Flavorum\node_modules\@babel\parser\lib\index.js:13171:28)
    at FlowParserMixin.parseStatementContent (C:\TimeToCode\Flavorum\node_modules\@babel\parser\lib\index.js:12827:21)
    at FlowParserMixin.parseStatementLike (C:\TimeToCode\Flavorum\node_modules\@babel\parser\lib\index.js:12796:17)
    at FlowParserMixin.parseStatementLike (C:\TimeToCode\Flavorum\node_modules\@babel\parser\lib\index.js:2934:24)
    at FlowParserMixin.parseStatementListItem (C:\TimeToCode\Flavorum\node_modules\@babel\parser\lib\index.js:12776:17)
    at FlowParserMixin.parseBlockOrModuleBlockBody (C:\TimeToCode\Flavorum\node_modules\@babel\parser\lib\index.js:13345:61)
    at FlowParserMixin.parseBlockBody (C:\TimeToCode\Flavorum\node_modules\@babel\parser\lib\index.js:13338:10)
    at FlowParserMixin.parseBlock (C:\TimeToCode\Flavorum\node_modules\@babel\parser\lib\index.js:13326:10)
    at FlowParserMixin.parseFunctionBody (C:\TimeToCode\Flavorum\node_modules\@babel\parser\lib\index.js:12129:24)
    at FlowParserMixin.parseFunctionBody (C:\TimeToCode\Flavorum\node_modules\@babel\parser\lib\index.js:2911:11)
    at FlowParserMixin.parseFunctionBodyAndFinish (C:\TimeToCode\Flavorum\node_modules\@babel\parser\lib\index.js:12115:10)
    at FlowParserMixin.parseFunctionBodyAndFinish (C:\TimeToCode\Flavorum\node_modules\@babel\parser\lib\index.js:2919:18)
    at C:\TimeToCode\Flavorum\node_modules\@babel\parser\lib\index.js:13474:12
    at FlowParserMixin.withSmartMixTopicForbiddingContext (C:\TimeToCode\Flavorum\node_modules\@babel\parser\lib\index.js:12432:14)
 ERROR  SyntaxError: C:\TimeToCode\Flavorum\src\screens\RecipesScreen.js: Expected corresponding JSX closing tag for <KeyboardAvoidingView>. (179:4)

  177 |         )}
  178 |       </ScrollView>
> 179 |     </SafeAreaView>
      |     ^
  180 |   )
  181 | }
  182 |
    at constructor (C:\TimeToCode\Flavorum\node_modules\@babel\parser\lib\index.js:369:19)
    at FlowParserMixin.raise (C:\TimeToCode\Flavorum\node_modules\@babel\parser\lib\index.js:6620:19)
    at FlowParserMixin.jsxParseElementAt (C:\TimeToCode\Flavorum\node_modules\@babel\parser\lib\index.js:4743:16)
    at FlowParserMixin.jsxParseElementAt (C:\TimeToCode\Flavorum\node_modules\@babel\parser\lib\index.js:4714:32)
    at FlowParserMixin.jsxParseElement (C:\TimeToCode\Flavorum\node_modules\@babel\parser\lib\index.js:4765:17)
    at FlowParserMixin.parseExprAtom (C:\TimeToCode\Flavorum\node_modules\@babel\parser\lib\index.js:4775:19)
    at FlowParserMixin.parseExprSubscripts (C:\TimeToCode\Flavorum\node_modules\@babel\parser\lib\index.js:11102:23)
    at FlowParserMixin.parseUpdate (C:\TimeToCode\Flavorum\node_modules\@babel\parser\lib\index.js:11087:21)
    at FlowParserMixin.parseMaybeUnary (C:\TimeToCode\Flavorum\node_modules\@babel\parser\lib\index.js:11067:23)
    at FlowParserMixin.parseMaybeUnaryOrPrivate (C:\TimeToCode\Flavorum\node_modules\@babel\parser\lib\index.js:10920:61)
    at FlowParserMixin.parseExprOps (C:\TimeToCode\Flavorum\node_modules\@babel\parser\lib\index.js:10925:23)
    at FlowParserMixin.parseMaybeConditional (C:\TimeToCode\Flavorum\node_modules\@babel\parser\lib\index.js:10902:23)
    at FlowParserMixin.parseMaybeAssign (C:\TimeToCode\Flavorum\node_modules\@babel\parser\lib\index.js:10852:21)
    at C:\TimeToCode\Flavorum\node_modules\@babel\parser\lib\index.js:3514:39
    at FlowParserMixin.tryParse (C:\TimeToCode\Flavorum\node_modules\@babel\parser\lib\index.js:6928:20)
    at FlowParserMixin.parseMaybeAssign (C:\TimeToCode\Flavorum\node_modules\@babel\parser\lib\index.js:3514:18)
    at C:\TimeToCode\Flavorum\node_modules\@babel\parser\lib\index.js:10821:39
    at FlowParserMixin.allowInAnd (C:\TimeToCode\Flavorum\node_modules\@babel\parser\lib\index.js:12455:12)
    at FlowParserMixin.parseMaybeAssignAllowIn (C:\TimeToCode\Flavorum\node_modules\@babel\parser\lib\index.js:10821:17)
    at FlowParserMixin.parseMaybeAssignAllowInOrVoidPattern (C:\TimeToCode\Flavorum\node_modules\@babel\parser\lib\index.js:12522:17)
    at FlowParserMixin.parseParenAndDistinguishExpression (C:\TimeToCode\Flavorum\node_modules\@babel\parser\lib\index.js:11701:28)
    at FlowParserMixin.parseParenAndDistinguishExpression (C:\TimeToCode\Flavorum\node_modules\@babel\parser\lib\index.js:3607:18)
    at FlowParserMixin.parseExprAtom (C:\TimeToCode\Flavorum\node_modules\@babel\parser\lib\index.js:11357:23)
    at FlowParserMixin.parseExprAtom (C:\TimeToCode\Flavorum\node_modules\@babel\parser\lib\index.js:4780:20)
    at FlowParserMixin.parseExprSubscripts (C:\TimeToCode\Flavorum\node_modules\@babel\parser\lib\index.js:11102:23)
    at FlowParserMixin.parseUpdate (C:\TimeToCode\Flavorum\node_modules\@babel\parser\lib\index.js:11087:21)
    at FlowParserMixin.parseMaybeUnary (C:\TimeToCode\Flavorum\node_modules\@babel\parser\lib\index.js:11067:23)
    at FlowParserMixin.parseMaybeUnaryOrPrivate (C:\TimeToCode\Flavorum\node_modules\@babel\parser\lib\index.js:10920:61)
    at FlowParserMixin.parseExprOps (C:\TimeToCode\Flavorum\node_modules\@babel\parser\lib\index.js:10925:23)
    at FlowParserMixin.parseMaybeConditional (C:\TimeToCode\Flavorum\node_modules\@babel\parser\lib\index.js:10902:23)
    at FlowParserMixin.parseMaybeAssign (C:\TimeToCode\Flavorum\node_modules\@babel\parser\lib\index.js:10852:21)
    at FlowParserMixin.parseMaybeAssign (C:\TimeToCode\Flavorum\node_modules\@babel\parser\lib\index.js:3565:18)
    at FlowParserMixin.parseExpressionBase (C:\TimeToCode\Flavorum\node_modules\@babel\parser\lib\index.js:10805:23)
    at C:\TimeToCode\Flavorum\node_modules\@babel\parser\lib\index.js:10801:39
    at FlowParserMixin.allowInAnd (C:\TimeToCode\Flavorum\node_modules\@babel\parser\lib\index.js:12450:16)
    at FlowParserMixin.parseExpression (C:\TimeToCode\Flavorum\node_modules\@babel\parser\lib\index.js:10801:17)
    at FlowParserMixin.parseReturnStatement (C:\TimeToCode\Flavorum\node_modules\@babel\parser\lib\index.js:13171:28)
    at FlowParserMixin.parseStatementContent (C:\TimeToCode\Flavorum\node_modules\@babel\parser\lib\index.js:12827:21)
    at FlowParserMixin.parseStatementLike (C:\TimeToCode\Flavorum\node_modules\@babel\parser\lib\index.js:12796:17)
    at FlowParserMixin.parseStatementLike (C:\TimeToCode\Flavorum\node_modules\@babel\parser\lib\index.js:2934:24)
    at FlowParserMixin.parseStatementListItem (C:\TimeToCode\Flavorum\node_modules\@babel\parser\lib\index.js:12776:17)
    at FlowParserMixin.parseBlockOrModuleBlockBody (C:\TimeToCode\Flavorum\node_modules\@babel\parser\lib\index.js:13345:61)
    at FlowParserMixin.parseBlockBody (C:\TimeToCode\Flavorum\node_modules\@babel\parser\lib\index.js:13338:10)
    at FlowParserMixin.parseBlock (C:\TimeToCode\Flavorum\node_modules\@babel\parser\lib\index.js:13326:10)
    at FlowParserMixin.parseFunctionBody (C:\TimeToCode\Flavorum\node_modules\@babel\parser\lib\index.js:12129:24)
    at FlowParserMixin.parseFunctionBody (C:\TimeToCode\Flavorum\node_modules\@babel\parser\lib\index.js:2911:11)
    at FlowParserMixin.parseFunctionBodyAndFinish (C:\TimeToCode\Flavorum\node_modules\@babel\parser\lib\index.js:12115:10)
    at FlowParserMixin.parseFunctionBodyAndFinish (C:\TimeToCode\Flavorum\node_modules\@babel\parser\lib\index.js:2919:18)
    at C:\TimeToCode\Flavorum\node_modules\@babel\parser\lib\index.js:13474:12
    at FlowParserMixin.withSmartMixTopicForbiddingContext (C:\TimeToCode\Flavorum\node_modules\@babel\parser\lib\index.js:12432:14)
 ERROR  SyntaxError: C:\TimeToCode\Flavorum\src\screens\RecipesScreen.js: Expected corresponding JSX closing tag for <KeyboardAvoidingView>. (179:4)

  177 |         )}
  178 |       </ScrollView>
> 179 |     </SafeAreaView>
      |     ^
  180 |   )
  181 | }
  182 |
    at constructor (C:\TimeToCode\Flavorum\node_modules\@babel\parser\lib\index.js:369:19)
    at FlowParserMixin.raise (C:\TimeToCode\Flavorum\node_modules\@babel\parser\lib\index.js:6620:19)
    at FlowParserMixin.jsxParseElementAt (C:\TimeToCode\Flavorum\node_modules\@babel\parser\lib\index.js:4743:16)
    at FlowParserMixin.jsxParseElementAt (C:\TimeToCode\Flavorum\node_modules\@babel\parser\lib\index.js:4714:32)
    at FlowParserMixin.jsxParseElement (C:\TimeToCode\Flavorum\node_modules\@babel\parser\lib\index.js:4765:17)
    at FlowParserMixin.parseExprAtom (C:\TimeToCode\Flavorum\node_modules\@babel\parser\lib\index.js:4775:19)
    at FlowParserMixin.parseExprSubscripts (C:\TimeToCode\Flavorum\node_modules\@babel\parser\lib\index.js:11102:23)
    at FlowParserMixin.parseUpdate (C:\TimeToCode\Flavorum\node_modules\@babel\parser\lib\index.js:11087:21)
    at FlowParserMixin.parseMaybeUnary (C:\TimeToCode\Flavorum\node_modules\@babel\parser\lib\index.js:11067:23)
    at FlowParserMixin.parseMaybeUnaryOrPrivate (C:\TimeToCode\Flavorum\node_modules\@babel\parser\lib\index.js:10920:61)
    at FlowParserMixin.parseExprOps (C:\TimeToCode\Flavorum\node_modules\@babel\parser\lib\index.js:10925:23)
    at FlowParserMixin.parseMaybeConditional (C:\TimeToCode\Flavorum\node_modules\@babel\parser\lib\index.js:10902:23)
    at FlowParserMixin.parseMaybeAssign (C:\TimeToCode\Flavorum\node_modules\@babel\parser\lib\index.js:10852:21)
    at C:\TimeToCode\Flavorum\node_modules\@babel\parser\lib\index.js:3514:39
    at FlowParserMixin.tryParse (C:\TimeToCode\Flavorum\node_modules\@babel\parser\lib\index.js:6928:20)
    at FlowParserMixin.parseMaybeAssign (C:\TimeToCode\Flavorum\node_modules\@babel\parser\lib\index.js:3514:18)
    at C:\TimeToCode\Flavorum\node_modules\@babel\parser\lib\index.js:10821:39
    at FlowParserMixin.allowInAnd (C:\TimeToCode\Flavorum\node_modules\@babel\parser\lib\index.js:12455:12)
    at FlowParserMixin.parseMaybeAssignAllowIn (C:\TimeToCode\Flavorum\node_modules\@babel\parser\lib\index.js:10821:17)
    at FlowParserMixin.parseMaybeAssignAllowInOrVoidPattern (C:\TimeToCode\Flavorum\node_modules\@babel\parser\lib\index.js:12522:17)
    at FlowParserMixin.parseParenAndDistinguishExpression (C:\TimeToCode\Flavorum\node_modules\@babel\parser\lib\index.js:11701:28)
    at FlowParserMixin.parseParenAndDistinguishExpression (C:\TimeToCode\Flavorum\node_modules\@babel\parser\lib\index.js:3607:18)
    at FlowParserMixin.parseExprAtom (C:\TimeToCode\Flavorum\node_modules\@babel\parser\lib\index.js:11357:23)
    at FlowParserMixin.parseExprAtom (C:\TimeToCode\Flavorum\node_modules\@babel\parser\lib\index.js:4780:20)
    at FlowParserMixin.parseExprSubscripts (C:\TimeToCode\Flavorum\node_modules\@babel\parser\lib\index.js:11102:23)
    at FlowParserMixin.parseUpdate (C:\TimeToCode\Flavorum\node_modules\@babel\parser\lib\index.js:11087:21)
    at FlowParserMixin.parseMaybeUnary (C:\TimeToCode\Flavorum\node_modules\@babel\parser\lib\index.js:11067:23)
    at FlowParserMixin.parseMaybeUnaryOrPrivate (C:\TimeToCode\Flavorum\node_modules\@babel\parser\lib\index.js:10920:61)
    at FlowParserMixin.parseExprOps (C:\TimeToCode\Flavorum\node_modules\@babel\parser\lib\index.js:10925:23)
    at FlowParserMixin.parseMaybeConditional (C:\TimeToCode\Flavorum\node_modules\@babel\parser\lib\index.js:10902:23)
    at FlowParserMixin.parseMaybeAssign (C:\TimeToCode\Flavorum\node_modules\@babel\parser\lib\index.js:10852:21)
    at FlowParserMixin.parseMaybeAssign (C:\TimeToCode\Flavorum\node_modules\@babel\parser\lib\index.js:3565:18)
    at FlowParserMixin.parseExpressionBase (C:\TimeToCode\Flavorum\node_modules\@babel\parser\lib\index.js:10805:23)
    at C:\TimeToCode\Flavorum\node_modules\@babel\parser\lib\index.js:10801:39
    at FlowParserMixin.allowInAnd (C:\TimeToCode\Flavorum\node_modules\@babel\parser\lib\index.js:12450:16)
    at FlowParserMixin.parseExpression (C:\TimeToCode\Flavorum\node_modules\@babel\parser\lib\index.js:10801:17)
    at FlowParserMixin.parseReturnStatement (C:\TimeToCode\Flavorum\node_modules\@babel\parser\lib\index.js:13171:28)
    at FlowParserMixin.parseStatementContent (C:\TimeToCode\Flavorum\node_modules\@babel\parser\lib\index.js:12827:21)
    at FlowParserMixin.parseStatementLike (C:\TimeToCode\Flavorum\node_modules\@babel\parser\lib\index.js:12796:17)
    at FlowParserMixin.parseStatementLike (C:\TimeToCode\Flavorum\node_modules\@babel\parser\lib\index.js:2934:24)
    at FlowParserMixin.parseStatementListItem (C:\TimeToCode\Flavorum\node_modules\@babel\parser\lib\index.js:12776:17)
    at FlowParserMixin.parseBlockOrModuleBlockBody (C:\TimeToCode\Flavorum\node_modules\@babel\parser\lib\index.js:13345:61)
    at FlowParserMixin.parseBlockBody (C:\TimeToCode\Flavorum\node_modules\@babel\parser\lib\index.js:13338:10)
    at FlowParserMixin.parseBlock (C:\TimeToCode\Flavorum\node_modules\@babel\parser\lib\index.js:13326:10)
    at FlowParserMixin.parseFunctionBody (C:\TimeToCode\Flavorum\node_modules\@babel\parser\lib\index.js:12129:24)
    at FlowParserMixin.parseFunctionBody (C:\TimeToCode\Flavorum\node_modules\@babel\parser\lib\index.js:2911:11)
    at FlowParserMixin.parseFunctionBodyAndFinish (C:\TimeToCode\Flavorum\node_modules\@babel\parser\lib\index.js:12115:10)
    at FlowParserMixin.parseFunctionBodyAndFinish (C:\TimeToCode\Flavorum\node_modules\@babel\parser\lib\index.js:2919:18)
    at C:\TimeToCode\Flavorum\node_modules\@babel\parser\lib\index.js:13474:12
    at FlowParserMixin.withSmartMixTopicForbiddingContext (C:\TimeToCode\Flavorum\node_modules\@babel\parser\lib\index.js:12432:14)
Web .\index.js ░░░░░░░░░░░░░░░░  0.0% (0/1)
Web .\index.js ▓▓▓▓▓▓▓▓▓▓▓▓▓▓▓░ 99.9% (694/694)
Web Bundled 3597ms index.js (694 modules)
Web .\index.js ░░░░░░░░░░░░░░░░  0.0% (0/1)
Web Bundled 215ms index.js (1 module)
Web .\index.js ░░░░░░░░░░░░░░░░  0.0% (0/1)
Web Bundled 24ms index.js (1 module)
 LOG  [web] Logs will appear in the browser console
Web .\index.js ░░░░░░░░░░░░░░░░  0.0% (0/1)
Web Bundled 97ms index.js (1 module)
Web .\index.js ░░░░░░░░░░░░░░░░  0.0% (0/1)
Web Bundled 47ms index.js (1 module)
Web .\index.js ░░░░░░░░░░░░░░░░  0.0% (0/1)
Web Bundled 104ms index.js (1 module)
Web .\index.js ░░░░░░░░░░░░░░░░  0.0% (0/1)
Web Bundled 23ms index.js (1 module)
 LOG  [web] Logs will appear in the browser console
Web .\index.js ░░░░░░░░░░░░░░░░  0.0% (0/1)
Web Bundled 23ms index.js (1 module)
 LOG  [web] Logs will appear in the browser console
Web .\index.js ░░░░░░░░░░░░░░░░  0.0% (0/1)
Web Bundled 91ms index.js (1 module)
Web .\index.js ░░░░░░░░░░░░░░░░  0.0% (0/1)
Web Bundled 86ms index.js (1 module)
Web .\index.js ░░░░░░░░░░░░░░░░  0.0% (0/1)
Web Bundled 76ms index.js (1 module)
Web .\index.js ░░░░░░░░░░░░░░░░  0.0% (0/1)
Web Bundled 492ms index.js (1 module)
 ERROR  SyntaxError: C:\TimeToCode\Flavorum\src\data\flavors.js: Unterminated string constant. (161:2)

  159 |   'Absolut Bulgar',
  160 |   'Absolute',
> 161 |   'Absolute (Tobacco)-Xi\',
      |   ^
  162 |   'ade',
  163 |   'Adela (Pera) (AA)',
  164 |   'ades concentrate',
    at constructor (C:\TimeToCode\Flavorum\node_modules\@babel\parser\lib\index.js:369:19)
    at FlowParserMixin.raise (C:\TimeToCode\Flavorum\node_modules\@babel\parser\lib\index.js:6620:19)
    at Object.unterminated (C:\TimeToCode\Flavorum\node_modules\@babel\parser\lib\index.js:5685:20)
    at readStringContents (C:\TimeToCode\Flavorum\node_modules\@babel\parser\lib\index.js:5427:16)
    at FlowParserMixin.readString (C:\TimeToCode\Flavorum\node_modules\@babel\parser\lib\index.js:6519:9)
    at FlowParserMixin.getTokenFromCode (C:\TimeToCode\Flavorum\node_modules\@babel\parser\lib\index.js:6279:14)
    at FlowParserMixin.getTokenFromCode (C:\TimeToCode\Flavorum\node_modules\@babel\parser\lib\index.js:4813:11)
    at FlowParserMixin.getTokenFromCode (C:\TimeToCode\Flavorum\node_modules\@babel\parser\lib\index.js:3213:13)
    at FlowParserMixin.nextToken (C:\TimeToCode\Flavorum\node_modules\@babel\parser\lib\index.js:5803:10)
    at FlowParserMixin.next (C:\TimeToCode\Flavorum\node_modules\@babel\parser\lib\index.js:5713:10)
    at FlowParserMixin.eat (C:\TimeToCode\Flavorum\node_modules\@babel\parser\lib\index.js:5717:12)
    at FlowParserMixin.expect (C:\TimeToCode\Flavorum\node_modules\@babel\parser\lib\index.js:6919:15)
    at FlowParserMixin.parseExprList (C:\TimeToCode\Flavorum\node_modules\@babel\parser\lib\index.js:12170:14)
    at FlowParserMixin.parseArrayLike (C:\TimeToCode\Flavorum\node_modules\@babel\parser\lib\index.js:12086:26)
    at FlowParserMixin.parseArrayLike (C:\TimeToCode\Flavorum\node_modules\@babel\parser\lib\index.js:3249:24)
    at FlowParserMixin.parseExprAtom (C:\TimeToCode\Flavorum\node_modules\@babel\parser\lib\index.js:11361:23)
    at FlowParserMixin.parseExprAtom (C:\TimeToCode\Flavorum\node_modules\@babel\parser\lib\index.js:4780:20)
    at FlowParserMixin.parseExprSubscripts (C:\TimeToCode\Flavorum\node_modules\@babel\parser\lib\index.js:11102:23)
    at FlowParserMixin.parseUpdate (C:\TimeToCode\Flavorum\node_modules\@babel\parser\lib\index.js:11087:21)
    at FlowParserMixin.parseMaybeUnary (C:\TimeToCode\Flavorum\node_modules\@babel\parser\lib\index.js:11067:23)
    at FlowParserMixin.parseMaybeUnaryOrPrivate (C:\TimeToCode\Flavorum\node_modules\@babel\parser\lib\index.js:10920:61)
    at FlowParserMixin.parseExprOps (C:\TimeToCode\Flavorum\node_modules\@babel\parser\lib\index.js:10925:23)
    at FlowParserMixin.parseMaybeConditional (C:\TimeToCode\Flavorum\node_modules\@babel\parser\lib\index.js:10902:23)
    at FlowParserMixin.parseMaybeAssign (C:\TimeToCode\Flavorum\node_modules\@babel\parser\lib\index.js:10852:21)
    at FlowParserMixin.parseMaybeAssign (C:\TimeToCode\Flavorum\node_modules\@babel\parser\lib\index.js:3565:18)
    at C:\TimeToCode\Flavorum\node_modules\@babel\parser\lib\index.js:10821:39
    at FlowParserMixin.allowInAnd (C:\TimeToCode\Flavorum\node_modules\@babel\parser\lib\index.js:12450:16)
    at FlowParserMixin.parseMaybeAssignAllowIn (C:\TimeToCode\Flavorum\node_modules\@babel\parser\lib\index.js:10821:17)
    at FlowParserMixin.parseVar (C:\TimeToCode\Flavorum\node_modules\@babel\parser\lib\index.js:13413:91)
    at FlowParserMixin.parseVarStatement (C:\TimeToCode\Flavorum\node_modules\@babel\parser\lib\index.js:13259:10)
    at FlowParserMixin.parseStatementContent (C:\TimeToCode\Flavorum\node_modules\@babel\parser\lib\index.js:12880:23)
    at FlowParserMixin.parseStatementLike (C:\TimeToCode\Flavorum\node_modules\@babel\parser\lib\index.js:12796:17)
    at FlowParserMixin.parseStatementLike (C:\TimeToCode\Flavorum\node_modules\@babel\parser\lib\index.js:2934:24)
    at FlowParserMixin.parseStatementListItem (C:\TimeToCode\Flavorum\node_modules\@babel\parser\lib\index.js:12776:17)
    at FlowParserMixin.parseExportDeclaration (C:\TimeToCode\Flavorum\node_modules\@babel\parser\lib\index.js:13963:17)
    at FlowParserMixin.parseExportDeclaration (C:\TimeToCode\Flavorum\node_modules\@babel\parser\lib\index.js:3136:20)
    at FlowParserMixin.maybeParseExportDeclaration (C:\TimeToCode\Flavorum\node_modules\@babel\parser\lib\index.js:13922:31)
    at FlowParserMixin.parseExport (C:\TimeToCode\Flavorum\node_modules\@babel\parser\lib\index.js:13841:29)
    at FlowParserMixin.parseStatementContent (C:\TimeToCode\Flavorum\node_modules\@babel\parser\lib\index.js:12907:27)
    at FlowParserMixin.parseStatementLike (C:\TimeToCode\Flavorum\node_modules\@babel\parser\lib\index.js:12796:17)
    at FlowParserMixin.parseStatementLike (C:\TimeToCode\Flavorum\node_modules\@babel\parser\lib\index.js:2934:24)
    at FlowParserMixin.parseModuleItem (C:\TimeToCode\Flavorum\node_modules\@babel\parser\lib\index.js:12773:17)
    at FlowParserMixin.parseBlockOrModuleBlockBody (C:\TimeToCode\Flavorum\node_modules\@babel\parser\lib\index.js:13345:36)
    at FlowParserMixin.parseBlockBody (C:\TimeToCode\Flavorum\node_modules\@babel\parser\lib\index.js:13338:10)
    at FlowParserMixin.parseProgram (C:\TimeToCode\Flavorum\node_modules\@babel\parser\lib\index.js:12651:10)
    at FlowParserMixin.parseTopLevel (C:\TimeToCode\Flavorum\node_modules\@babel\parser\lib\index.js:12641:25)
    at FlowParserMixin.parseTopLevel (C:\TimeToCode\Flavorum\node_modules\@babel\parser\lib\index.js:3701:28)
    at FlowParserMixin.parse (C:\TimeToCode\Flavorum\node_modules\@babel\parser\lib\index.js:14517:25)
    at parse (C:\TimeToCode\Flavorum\node_modules\@babel\parser\lib\index.js:14530:26)
    at parser (C:\TimeToCode\Flavorum\node_modules\@babel\core\lib\parser\index.js:41:34)
 ERROR  SyntaxError: C:\TimeToCode\Flavorum\src\data\flavors.js: Unterminated string constant. (161:2)

  159 |   'Absolut Bulgar',
  160 |   'Absolute',
> 161 |   'Absolute (Tobacco)-Xi\',
      |   ^
  162 |   'ade',
  163 |   'Adela (Pera) (AA)',
  164 |   'ades concentrate',
    at constructor (C:\TimeToCode\Flavorum\node_modules\@babel\parser\lib\index.js:369:19)
    at FlowParserMixin.raise (C:\TimeToCode\Flavorum\node_modules\@babel\parser\lib\index.js:6620:19)
    at Object.unterminated (C:\TimeToCode\Flavorum\node_modules\@babel\parser\lib\index.js:5685:20)
    at readStringContents (C:\TimeToCode\Flavorum\node_modules\@babel\parser\lib\index.js:5427:16)
    at FlowParserMixin.readString (C:\TimeToCode\Flavorum\node_modules\@babel\parser\lib\index.js:6519:9)
    at FlowParserMixin.getTokenFromCode (C:\TimeToCode\Flavorum\node_modules\@babel\parser\lib\index.js:6279:14)
    at FlowParserMixin.getTokenFromCode (C:\TimeToCode\Flavorum\node_modules\@babel\parser\lib\index.js:4813:11)
    at FlowParserMixin.getTokenFromCode (C:\TimeToCode\Flavorum\node_modules\@babel\parser\lib\index.js:3213:13)
    at FlowParserMixin.nextToken (C:\TimeToCode\Flavorum\node_modules\@babel\parser\lib\index.js:5803:10)
    at FlowParserMixin.next (C:\TimeToCode\Flavorum\node_modules\@babel\parser\lib\index.js:5713:10)
    at FlowParserMixin.eat (C:\TimeToCode\Flavorum\node_modules\@babel\parser\lib\index.js:5717:12)
    at FlowParserMixin.expect (C:\TimeToCode\Flavorum\node_modules\@babel\parser\lib\index.js:6919:15)
    at FlowParserMixin.parseExprList (C:\TimeToCode\Flavorum\node_modules\@babel\parser\lib\index.js:12170:14)
    at FlowParserMixin.parseArrayLike (C:\TimeToCode\Flavorum\node_modules\@babel\parser\lib\index.js:12086:26)
    at FlowParserMixin.parseArrayLike (C:\TimeToCode\Flavorum\node_modules\@babel\parser\lib\index.js:3249:24)
    at FlowParserMixin.parseExprAtom (C:\TimeToCode\Flavorum\node_modules\@babel\parser\lib\index.js:11361:23)
    at FlowParserMixin.parseExprAtom (C:\TimeToCode\Flavorum\node_modules\@babel\parser\lib\index.js:4780:20)
    at FlowParserMixin.parseExprSubscripts (C:\TimeToCode\Flavorum\node_modules\@babel\parser\lib\index.js:11102:23)
    at FlowParserMixin.parseUpdate (C:\TimeToCode\Flavorum\node_modules\@babel\parser\lib\index.js:11087:21)
    at FlowParserMixin.parseMaybeUnary (C:\TimeToCode\Flavorum\node_modules\@babel\parser\lib\index.js:11067:23)
    at FlowParserMixin.parseMaybeUnaryOrPrivate (C:\TimeToCode\Flavorum\node_modules\@babel\parser\lib\index.js:10920:61)
    at FlowParserMixin.parseExprOps (C:\TimeToCode\Flavorum\node_modules\@babel\parser\lib\index.js:10925:23)
    at FlowParserMixin.parseMaybeConditional (C:\TimeToCode\Flavorum\node_modules\@babel\parser\lib\index.js:10902:23)
    at FlowParserMixin.parseMaybeAssign (C:\TimeToCode\Flavorum\node_modules\@babel\parser\lib\index.js:10852:21)
    at FlowParserMixin.parseMaybeAssign (C:\TimeToCode\Flavorum\node_modules\@babel\parser\lib\index.js:3565:18)
    at C:\TimeToCode\Flavorum\node_modules\@babel\parser\lib\index.js:10821:39
    at FlowParserMixin.allowInAnd (C:\TimeToCode\Flavorum\node_modules\@babel\parser\lib\index.js:12450:16)
    at FlowParserMixin.parseMaybeAssignAllowIn (C:\TimeToCode\Flavorum\node_modules\@babel\parser\lib\index.js:10821:17)
    at FlowParserMixin.parseVar (C:\TimeToCode\Flavorum\node_modules\@babel\parser\lib\index.js:13413:91)
    at FlowParserMixin.parseVarStatement (C:\TimeToCode\Flavorum\node_modules\@babel\parser\lib\index.js:13259:10)
    at FlowParserMixin.parseStatementContent (C:\TimeToCode\Flavorum\node_modules\@babel\parser\lib\index.js:12880:23)
    at FlowParserMixin.parseStatementLike (C:\TimeToCode\Flavorum\node_modules\@babel\parser\lib\index.js:12796:17)
    at FlowParserMixin.parseStatementLike (C:\TimeToCode\Flavorum\node_modules\@babel\parser\lib\index.js:2934:24)
    at FlowParserMixin.parseStatementListItem (C:\TimeToCode\Flavorum\node_modules\@babel\parser\lib\index.js:12776:17)
    at FlowParserMixin.parseExportDeclaration (C:\TimeToCode\Flavorum\node_modules\@babel\parser\lib\index.js:13963:17)
    at FlowParserMixin.parseExportDeclaration (C:\TimeToCode\Flavorum\node_modules\@babel\parser\lib\index.js:3136:20)
    at FlowParserMixin.maybeParseExportDeclaration (C:\TimeToCode\Flavorum\node_modules\@babel\parser\lib\index.js:13922:31)
    at FlowParserMixin.parseExport (C:\TimeToCode\Flavorum\node_modules\@babel\parser\lib\index.js:13841:29)
    at FlowParserMixin.parseStatementContent (C:\TimeToCode\Flavorum\node_modules\@babel\parser\lib\index.js:12907:27)
    at FlowParserMixin.parseStatementLike (C:\TimeToCode\Flavorum\node_modules\@babel\parser\lib\index.js:12796:17)
    at FlowParserMixin.parseStatementLike (C:\TimeToCode\Flavorum\node_modules\@babel\parser\lib\index.js:2934:24)
    at FlowParserMixin.parseModuleItem (C:\TimeToCode\Flavorum\node_modules\@babel\parser\lib\index.js:12773:17)
    at FlowParserMixin.parseBlockOrModuleBlockBody (C:\TimeToCode\Flavorum\node_modules\@babel\parser\lib\index.js:13345:36)
    at FlowParserMixin.parseBlockBody (C:\TimeToCode\Flavorum\node_modules\@babel\parser\lib\index.js:13338:10)
    at FlowParserMixin.parseProgram (C:\TimeToCode\Flavorum\node_modules\@babel\parser\lib\index.js:12651:10)
    at FlowParserMixin.parseTopLevel (C:\TimeToCode\Flavorum\node_modules\@babel\parser\lib\index.js:12641:25)
    at FlowParserMixin.parseTopLevel (C:\TimeToCode\Flavorum\node_modules\@babel\parser\lib\index.js:3701:28)
    at FlowParserMixin.parse (C:\TimeToCode\Flavorum\node_modules\@babel\parser\lib\index.js:14517:25)
    at parse (C:\TimeToCode\Flavorum\node_modules\@babel\parser\lib\index.js:14530:26)
    at parser (C:\TimeToCode\Flavorum\node_modules\@babel\core\lib\parser\index.js:41:34)
 ERROR  SyntaxError: C:\TimeToCode\Flavorum\src\data\flavors.js: Unterminated string constant. (161:2)

  159 |   'Absolut Bulgar',
  160 |   'Absolute',
> 161 |   'Absolute (Tobacco)-Xi\',
      |   ^
  162 |   ',
  163 | ]
  164 |
    at constructor (C:\TimeToCode\Flavorum\node_modules\@babel\parser\lib\index.js:369:19)
    at FlowParserMixin.raise (C:\TimeToCode\Flavorum\node_modules\@babel\parser\lib\index.js:6620:19)
    at Object.unterminated (C:\TimeToCode\Flavorum\node_modules\@babel\parser\lib\index.js:5685:20)
    at readStringContents (C:\TimeToCode\Flavorum\node_modules\@babel\parser\lib\index.js:5427:16)
    at FlowParserMixin.readString (C:\TimeToCode\Flavorum\node_modules\@babel\parser\lib\index.js:6519:9)
    at FlowParserMixin.getTokenFromCode (C:\TimeToCode\Flavorum\node_modules\@babel\parser\lib\index.js:6279:14)
    at FlowParserMixin.getTokenFromCode (C:\TimeToCode\Flavorum\node_modules\@babel\parser\lib\index.js:4813:11)
    at FlowParserMixin.getTokenFromCode (C:\TimeToCode\Flavorum\node_modules\@babel\parser\lib\index.js:3213:13)
    at FlowParserMixin.nextToken (C:\TimeToCode\Flavorum\node_modules\@babel\parser\lib\index.js:5803:10)
    at FlowParserMixin.next (C:\TimeToCode\Flavorum\node_modules\@babel\parser\lib\index.js:5713:10)
    at FlowParserMixin.eat (C:\TimeToCode\Flavorum\node_modules\@babel\parser\lib\index.js:5717:12)
    at FlowParserMixin.expect (C:\TimeToCode\Flavorum\node_modules\@babel\parser\lib\index.js:6919:15)
    at FlowParserMixin.parseExprList (C:\TimeToCode\Flavorum\node_modules\@babel\parser\lib\index.js:12170:14)
    at FlowParserMixin.parseArrayLike (C:\TimeToCode\Flavorum\node_modules\@babel\parser\lib\index.js:12086:26)
    at FlowParserMixin.parseArrayLike (C:\TimeToCode\Flavorum\node_modules\@babel\parser\lib\index.js:3249:24)
    at FlowParserMixin.parseExprAtom (C:\TimeToCode\Flavorum\node_modules\@babel\parser\lib\index.js:11361:23)
    at FlowParserMixin.parseExprAtom (C:\TimeToCode\Flavorum\node_modules\@babel\parser\lib\index.js:4780:20)
    at FlowParserMixin.parseExprSubscripts (C:\TimeToCode\Flavorum\node_modules\@babel\parser\lib\index.js:11102:23)
    at FlowParserMixin.parseUpdate (C:\TimeToCode\Flavorum\node_modules\@babel\parser\lib\index.js:11087:21)
    at FlowParserMixin.parseMaybeUnary (C:\TimeToCode\Flavorum\node_modules\@babel\parser\lib\index.js:11067:23)
    at FlowParserMixin.parseMaybeUnaryOrPrivate (C:\TimeToCode\Flavorum\node_modules\@babel\parser\lib\index.js:10920:61)
    at FlowParserMixin.parseExprOps (C:\TimeToCode\Flavorum\node_modules\@babel\parser\lib\index.js:10925:23)
    at FlowParserMixin.parseMaybeConditional (C:\TimeToCode\Flavorum\node_modules\@babel\parser\lib\index.js:10902:23)
    at FlowParserMixin.parseMaybeAssign (C:\TimeToCode\Flavorum\node_modules\@babel\parser\lib\index.js:10852:21)
    at FlowParserMixin.parseMaybeAssign (C:\TimeToCode\Flavorum\node_modules\@babel\parser\lib\index.js:3565:18)
    at C:\TimeToCode\Flavorum\node_modules\@babel\parser\lib\index.js:10821:39
    at FlowParserMixin.allowInAnd (C:\TimeToCode\Flavorum\node_modules\@babel\parser\lib\index.js:12450:16)
    at FlowParserMixin.parseMaybeAssignAllowIn (C:\TimeToCode\Flavorum\node_modules\@babel\parser\lib\index.js:10821:17)
    at FlowParserMixin.parseVar (C:\TimeToCode\Flavorum\node_modules\@babel\parser\lib\index.js:13413:91)
    at FlowParserMixin.parseVarStatement (C:\TimeToCode\Flavorum\node_modules\@babel\parser\lib\index.js:13259:10)
    at FlowParserMixin.parseStatementContent (C:\TimeToCode\Flavorum\node_modules\@babel\parser\lib\index.js:12880:23)
    at FlowParserMixin.parseStatementLike (C:\TimeToCode\Flavorum\node_modules\@babel\parser\lib\index.js:12796:17)
    at FlowParserMixin.parseStatementLike (C:\TimeToCode\Flavorum\node_modules\@babel\parser\lib\index.js:2934:24)
    at FlowParserMixin.parseStatementListItem (C:\TimeToCode\Flavorum\node_modules\@babel\parser\lib\index.js:12776:17)
    at FlowParserMixin.parseExportDeclaration (C:\TimeToCode\Flavorum\node_modules\@babel\parser\lib\index.js:13963:17)
    at FlowParserMixin.parseExportDeclaration (C:\TimeToCode\Flavorum\node_modules\@babel\parser\lib\index.js:3136:20)
    at FlowParserMixin.maybeParseExportDeclaration (C:\TimeToCode\Flavorum\node_modules\@babel\parser\lib\index.js:13922:31)
    at FlowParserMixin.parseExport (C:\TimeToCode\Flavorum\node_modules\@babel\parser\lib\index.js:13841:29)
    at FlowParserMixin.parseStatementContent (C:\TimeToCode\Flavorum\node_modules\@babel\parser\lib\index.js:12907:27)
    at FlowParserMixin.parseStatementLike (C:\TimeToCode\Flavorum\node_modules\@babel\parser\lib\index.js:12796:17)
    at FlowParserMixin.parseStatementLike (C:\TimeToCode\Flavorum\node_modules\@babel\parser\lib\index.js:2934:24)
    at FlowParserMixin.parseModuleItem (C:\TimeToCode\Flavorum\node_modules\@babel\parser\lib\index.js:12773:17)
    at FlowParserMixin.parseBlockOrModuleBlockBody (C:\TimeToCode\Flavorum\node_modules\@babel\parser\lib\index.js:13345:36)
    at FlowParserMixin.parseBlockBody (C:\TimeToCode\Flavorum\node_modules\@babel\parser\lib\index.js:13338:10)
    at FlowParserMixin.parseProgram (C:\TimeToCode\Flavorum\node_modules\@babel\parser\lib\index.js:12651:10)
    at FlowParserMixin.parseTopLevel (C:\TimeToCode\Flavorum\node_modules\@babel\parser\lib\index.js:12641:25)
    at FlowParserMixin.parseTopLevel (C:\TimeToCode\Flavorum\node_modules\@babel\parser\lib\index.js:3701:28)
    at FlowParserMixin.parse (C:\TimeToCode\Flavorum\node_modules\@babel\parser\lib\index.js:14517:25)
    at parse (C:\TimeToCode\Flavorum\node_modules\@babel\parser\lib\index.js:14530:26)
    at parser (C:\TimeToCode\Flavorum\node_modules\@babel\core\lib\parser\index.js:41:34)
 ERROR  SyntaxError: C:\TimeToCode\Flavorum\src\data\flavors.js: Unterminated string constant. (161:2)

  159 |   'Absolut Bulgar',
  160 |   'Absolute',
> 161 |   'Absolute (Tobacco)-Xi\',
      |   ^
  162 |   ',
  163 | ]
  164 |
    at constructor (C:\TimeToCode\Flavorum\node_modules\@babel\parser\lib\index.js:369:19)
    at FlowParserMixin.raise (C:\TimeToCode\Flavorum\node_modules\@babel\parser\lib\index.js:6620:19)
    at Object.unterminated (C:\TimeToCode\Flavorum\node_modules\@babel\parser\lib\index.js:5685:20)
    at readStringContents (C:\TimeToCode\Flavorum\node_modules\@babel\parser\lib\index.js:5427:16)
    at FlowParserMixin.readString (C:\TimeToCode\Flavorum\node_modules\@babel\parser\lib\index.js:6519:9)
    at FlowParserMixin.getTokenFromCode (C:\TimeToCode\Flavorum\node_modules\@babel\parser\lib\index.js:6279:14)
    at FlowParserMixin.getTokenFromCode (C:\TimeToCode\Flavorum\node_modules\@babel\parser\lib\index.js:4813:11)
    at FlowParserMixin.getTokenFromCode (C:\TimeToCode\Flavorum\node_modules\@babel\parser\lib\index.js:3213:13)
    at FlowParserMixin.nextToken (C:\TimeToCode\Flavorum\node_modules\@babel\parser\lib\index.js:5803:10)
    at FlowParserMixin.next (C:\TimeToCode\Flavorum\node_modules\@babel\parser\lib\index.js:5713:10)
    at FlowParserMixin.eat (C:\TimeToCode\Flavorum\node_modules\@babel\parser\lib\index.js:5717:12)
    at FlowParserMixin.expect (C:\TimeToCode\Flavorum\node_modules\@babel\parser\lib\index.js:6919:15)
    at FlowParserMixin.parseExprList (C:\TimeToCode\Flavorum\node_modules\@babel\parser\lib\index.js:12170:14)
    at FlowParserMixin.parseArrayLike (C:\TimeToCode\Flavorum\node_modules\@babel\parser\lib\index.js:12086:26)
    at FlowParserMixin.parseArrayLike (C:\TimeToCode\Flavorum\node_modules\@babel\parser\lib\index.js:3249:24)
    at FlowParserMixin.parseExprAtom (C:\TimeToCode\Flavorum\node_modules\@babel\parser\lib\index.js:11361:23)
    at FlowParserMixin.parseExprAtom (C:\TimeToCode\Flavorum\node_modules\@babel\parser\lib\index.js:4780:20)
    at FlowParserMixin.parseExprSubscripts (C:\TimeToCode\Flavorum\node_modules\@babel\parser\lib\index.js:11102:23)
    at FlowParserMixin.parseUpdate (C:\TimeToCode\Flavorum\node_modules\@babel\parser\lib\index.js:11087:21)
    at FlowParserMixin.parseMaybeUnary (C:\TimeToCode\Flavorum\node_modules\@babel\parser\lib\index.js:11067:23)
    at FlowParserMixin.parseMaybeUnaryOrPrivate (C:\TimeToCode\Flavorum\node_modules\@babel\parser\lib\index.js:10920:61)
    at FlowParserMixin.parseExprOps (C:\TimeToCode\Flavorum\node_modules\@babel\parser\lib\index.js:10925:23)
    at FlowParserMixin.parseMaybeConditional (C:\TimeToCode\Flavorum\node_modules\@babel\parser\lib\index.js:10902:23)
    at FlowParserMixin.parseMaybeAssign (C:\TimeToCode\Flavorum\node_modules\@babel\parser\lib\index.js:10852:21)
    at FlowParserMixin.parseMaybeAssign (C:\TimeToCode\Flavorum\node_modules\@babel\parser\lib\index.js:3565:18)
    at C:\TimeToCode\Flavorum\node_modules\@babel\parser\lib\index.js:10821:39
    at FlowParserMixin.allowInAnd (C:\TimeToCode\Flavorum\node_modules\@babel\parser\lib\index.js:12450:16)
    at FlowParserMixin.parseMaybeAssignAllowIn (C:\TimeToCode\Flavorum\node_modules\@babel\parser\lib\index.js:10821:17)
    at FlowParserMixin.parseVar (C:\TimeToCode\Flavorum\node_modules\@babel\parser\lib\index.js:13413:91)
    at FlowParserMixin.parseVarStatement (C:\TimeToCode\Flavorum\node_modules\@babel\parser\lib\index.js:13259:10)
    at FlowParserMixin.parseStatementContent (C:\TimeToCode\Flavorum\node_modules\@babel\parser\lib\index.js:12880:23)
    at FlowParserMixin.parseStatementLike (C:\TimeToCode\Flavorum\node_modules\@babel\parser\lib\index.js:12796:17)
    at FlowParserMixin.parseStatementLike (C:\TimeToCode\Flavorum\node_modules\@babel\parser\lib\index.js:2934:24)
    at FlowParserMixin.parseStatementListItem (C:\TimeToCode\Flavorum\node_modules\@babel\parser\lib\index.js:12776:17)
    at FlowParserMixin.parseExportDeclaration (C:\TimeToCode\Flavorum\node_modules\@babel\parser\lib\index.js:13963:17)
    at FlowParserMixin.parseExportDeclaration (C:\TimeToCode\Flavorum\node_modules\@babel\parser\lib\index.js:3136:20)
    at FlowParserMixin.maybeParseExportDeclaration (C:\TimeToCode\Flavorum\node_modules\@babel\parser\lib\index.js:13922:31)
    at FlowParserMixin.parseExport (C:\TimeToCode\Flavorum\node_modules\@babel\parser\lib\index.js:13841:29)
    at FlowParserMixin.parseStatementContent (C:\TimeToCode\Flavorum\node_modules\@babel\parser\lib\index.js:12907:27)
    at FlowParserMixin.parseStatementLike (C:\TimeToCode\Flavorum\node_modules\@babel\parser\lib\index.js:12796:17)
    at FlowParserMixin.parseStatementLike (C:\TimeToCode\Flavorum\node_modules\@babel\parser\lib\index.js:2934:24)
    at FlowParserMixin.parseModuleItem (C:\TimeToCode\Flavorum\node_modules\@babel\parser\lib\index.js:12773:17)
    at FlowParserMixin.parseBlockOrModuleBlockBody (C:\TimeToCode\Flavorum\node_modules\@babel\parser\lib\index.js:13345:36)
    at FlowParserMixin.parseBlockBody (C:\TimeToCode\Flavorum\node_modules\@babel\parser\lib\index.js:13338:10)
    at FlowParserMixin.parseProgram (C:\TimeToCode\Flavorum\node_modules\@babel\parser\lib\index.js:12651:10)
    at FlowParserMixin.parseTopLevel (C:\TimeToCode\Flavorum\node_modules\@babel\parser\lib\index.js:12641:25)
    at FlowParserMixin.parseTopLevel (C:\TimeToCode\Flavorum\node_modules\@babel\parser\lib\index.js:3701:28)
    at FlowParserMixin.parse (C:\TimeToCode\Flavorum\node_modules\@babel\parser\lib\index.js:14517:25)
    at parse (C:\TimeToCode\Flavorum\node_modules\@babel\parser\lib\index.js:14530:26)
    at parser (C:\TimeToCode\Flavorum\node_modules\@babel\core\lib\parser\index.js:41:34)
 ERROR  SyntaxError: C:\TimeToCode\Flavorum\src\data\flavors.js: Unterminated string constant. (161:2)

  159 |   'Absolut Bulgar',
  160 |   'Absolute',
> 161 |   'Absolute (Tobacco)-Xi\',
      |   ^
  162 |   ',
  163 | ]
  164 |
    at constructor (C:\TimeToCode\Flavorum\node_modules\@babel\parser\lib\index.js:369:19)
    at FlowParserMixin.raise (C:\TimeToCode\Flavorum\node_modules\@babel\parser\lib\index.js:6620:19)
    at Object.unterminated (C:\TimeToCode\Flavorum\node_modules\@babel\parser\lib\index.js:5685:20)
    at readStringContents (C:\TimeToCode\Flavorum\node_modules\@babel\parser\lib\index.js:5427:16)
    at FlowParserMixin.readString (C:\TimeToCode\Flavorum\node_modules\@babel\parser\lib\index.js:6519:9)
    at FlowParserMixin.getTokenFromCode (C:\TimeToCode\Flavorum\node_modules\@babel\parser\lib\index.js:6279:14)
    at FlowParserMixin.getTokenFromCode (C:\TimeToCode\Flavorum\node_modules\@babel\parser\lib\index.js:4813:11)
    at FlowParserMixin.getTokenFromCode (C:\TimeToCode\Flavorum\node_modules\@babel\parser\lib\index.js:3213:13)
    at FlowParserMixin.nextToken (C:\TimeToCode\Flavorum\node_modules\@babel\parser\lib\index.js:5803:10)
    at FlowParserMixin.next (C:\TimeToCode\Flavorum\node_modules\@babel\parser\lib\index.js:5713:10)
    at FlowParserMixin.eat (C:\TimeToCode\Flavorum\node_modules\@babel\parser\lib\index.js:5717:12)
    at FlowParserMixin.expect (C:\TimeToCode\Flavorum\node_modules\@babel\parser\lib\index.js:6919:15)
    at FlowParserMixin.parseExprList (C:\TimeToCode\Flavorum\node_modules\@babel\parser\lib\index.js:12170:14)
    at FlowParserMixin.parseArrayLike (C:\TimeToCode\Flavorum\node_modules\@babel\parser\lib\index.js:12086:26)
    at FlowParserMixin.parseArrayLike (C:\TimeToCode\Flavorum\node_modules\@babel\parser\lib\index.js:3249:24)
    at FlowParserMixin.parseExprAtom (C:\TimeToCode\Flavorum\node_modules\@babel\parser\lib\index.js:11361:23)
    at FlowParserMixin.parseExprAtom (C:\TimeToCode\Flavorum\node_modules\@babel\parser\lib\index.js:4780:20)
    at FlowParserMixin.parseExprSubscripts (C:\TimeToCode\Flavorum\node_modules\@babel\parser\lib\index.js:11102:23)
    at FlowParserMixin.parseUpdate (C:\TimeToCode\Flavorum\node_modules\@babel\parser\lib\index.js:11087:21)
    at FlowParserMixin.parseMaybeUnary (C:\TimeToCode\Flavorum\node_modules\@babel\parser\lib\index.js:11067:23)
    at FlowParserMixin.parseMaybeUnaryOrPrivate (C:\TimeToCode\Flavorum\node_modules\@babel\parser\lib\index.js:10920:61)
    at FlowParserMixin.parseExprOps (C:\TimeToCode\Flavorum\node_modules\@babel\parser\lib\index.js:10925:23)
    at FlowParserMixin.parseMaybeConditional (C:\TimeToCode\Flavorum\node_modules\@babel\parser\lib\index.js:10902:23)
    at FlowParserMixin.parseMaybeAssign (C:\TimeToCode\Flavorum\node_modules\@babel\parser\lib\index.js:10852:21)
    at FlowParserMixin.parseMaybeAssign (C:\TimeToCode\Flavorum\node_modules\@babel\parser\lib\index.js:3565:18)
    at C:\TimeToCode\Flavorum\node_modules\@babel\parser\lib\index.js:10821:39
    at FlowParserMixin.allowInAnd (C:\TimeToCode\Flavorum\node_modules\@babel\parser\lib\index.js:12450:16)
    at FlowParserMixin.parseMaybeAssignAllowIn (C:\TimeToCode\Flavorum\node_modules\@babel\parser\lib\index.js:10821:17)
    at FlowParserMixin.parseVar (C:\TimeToCode\Flavorum\node_modules\@babel\parser\lib\index.js:13413:91)
    at FlowParserMixin.parseVarStatement (C:\TimeToCode\Flavorum\node_modules\@babel\parser\lib\index.js:13259:10)
    at FlowParserMixin.parseStatementContent (C:\TimeToCode\Flavorum\node_modules\@babel\parser\lib\index.js:12880:23)
    at FlowParserMixin.parseStatementLike (C:\TimeToCode\Flavorum\node_modules\@babel\parser\lib\index.js:12796:17)
    at FlowParserMixin.parseStatementLike (C:\TimeToCode\Flavorum\node_modules\@babel\parser\lib\index.js:2934:24)
    at FlowParserMixin.parseStatementListItem (C:\TimeToCode\Flavorum\node_modules\@babel\parser\lib\index.js:12776:17)
    at FlowParserMixin.parseExportDeclaration (C:\TimeToCode\Flavorum\node_modules\@babel\parser\lib\index.js:13963:17)
    at FlowParserMixin.parseExportDeclaration (C:\TimeToCode\Flavorum\node_modules\@babel\parser\lib\index.js:3136:20)
    at FlowParserMixin.maybeParseExportDeclaration (C:\TimeToCode\Flavorum\node_modules\@babel\parser\lib\index.js:13922:31)
    at FlowParserMixin.parseExport (C:\TimeToCode\Flavorum\node_modules\@babel\parser\lib\index.js:13841:29)
    at FlowParserMixin.parseStatementContent (C:\TimeToCode\Flavorum\node_modules\@babel\parser\lib\index.js:12907:27)
    at FlowParserMixin.parseStatementLike (C:\TimeToCode\Flavorum\node_modules\@babel\parser\lib\index.js:12796:17)
    at FlowParserMixin.parseStatementLike (C:\TimeToCode\Flavorum\node_modules\@babel\parser\lib\index.js:2934:24)
    at FlowParserMixin.parseModuleItem (C:\TimeToCode\Flavorum\node_modules\@babel\parser\lib\index.js:12773:17)
    at FlowParserMixin.parseBlockOrModuleBlockBody (C:\TimeToCode\Flavorum\node_modules\@babel\parser\lib\index.js:13345:36)
    at FlowParserMixin.parseBlockBody (C:\TimeToCode\Flavorum\node_modules\@babel\parser\lib\index.js:13338:10)
    at FlowParserMixin.parseProgram (C:\TimeToCode\Flavorum\node_modules\@babel\parser\lib\index.js:12651:10)
    at FlowParserMixin.parseTopLevel (C:\TimeToCode\Flavorum\node_modules\@babel\parser\lib\index.js:12641:25)
    at FlowParserMixin.parseTopLevel (C:\TimeToCode\Flavorum\node_modules\@babel\parser\lib\index.js:3701:28)
    at FlowParserMixin.parse (C:\TimeToCode\Flavorum\node_modules\@babel\parser\lib\index.js:14517:25)
    at parse (C:\TimeToCode\Flavorum\node_modules\@babel\parser\lib\index.js:14530:26)
    at parser (C:\TimeToCode\Flavorum\node_modules\@babel\core\lib\parser\index.js:41:34)
 ERROR  SyntaxError: C:\TimeToCode\Flavorum\src\data\flavors.js: Unterminated string constant. (161:2)

  159 |   'Absolut Bulgar',
  160 |   'Absolute',
> 161 |   'Absolute (Tobacco)-Xi\',
      |   ^
  162 |   ',
  163 | ]
  164 |
    at constructor (C:\TimeToCode\Flavorum\node_modules\@babel\parser\lib\index.js:369:19)
    at FlowParserMixin.raise (C:\TimeToCode\Flavorum\node_modules\@babel\parser\lib\index.js:6620:19)
    at Object.unterminated (C:\TimeToCode\Flavorum\node_modules\@babel\parser\lib\index.js:5685:20)
    at readStringContents (C:\TimeToCode\Flavorum\node_modules\@babel\parser\lib\index.js:5427:16)
    at FlowParserMixin.readString (C:\TimeToCode\Flavorum\node_modules\@babel\parser\lib\index.js:6519:9)
    at FlowParserMixin.getTokenFromCode (C:\TimeToCode\Flavorum\node_modules\@babel\parser\lib\index.js:6279:14)
    at FlowParserMixin.getTokenFromCode (C:\TimeToCode\Flavorum\node_modules\@babel\parser\lib\index.js:4813:11)
    at FlowParserMixin.getTokenFromCode (C:\TimeToCode\Flavorum\node_modules\@babel\parser\lib\index.js:3213:13)
    at FlowParserMixin.nextToken (C:\TimeToCode\Flavorum\node_modules\@babel\parser\lib\index.js:5803:10)
    at FlowParserMixin.next (C:\TimeToCode\Flavorum\node_modules\@babel\parser\lib\index.js:5713:10)
    at FlowParserMixin.eat (C:\TimeToCode\Flavorum\node_modules\@babel\parser\lib\index.js:5717:12)
    at FlowParserMixin.expect (C:\TimeToCode\Flavorum\node_modules\@babel\parser\lib\index.js:6919:15)
    at FlowParserMixin.parseExprList (C:\TimeToCode\Flavorum\node_modules\@babel\parser\lib\index.js:12170:14)
    at FlowParserMixin.parseArrayLike (C:\TimeToCode\Flavorum\node_modules\@babel\parser\lib\index.js:12086:26)
    at FlowParserMixin.parseArrayLike (C:\TimeToCode\Flavorum\node_modules\@babel\parser\lib\index.js:3249:24)
    at FlowParserMixin.parseExprAtom (C:\TimeToCode\Flavorum\node_modules\@babel\parser\lib\index.js:11361:23)
    at FlowParserMixin.parseExprAtom (C:\TimeToCode\Flavorum\node_modules\@babel\parser\lib\index.js:4780:20)
    at FlowParserMixin.parseExprSubscripts (C:\TimeToCode\Flavorum\node_modules\@babel\parser\lib\index.js:11102:23)
    at FlowParserMixin.parseUpdate (C:\TimeToCode\Flavorum\node_modules\@babel\parser\lib\index.js:11087:21)
    at FlowParserMixin.parseMaybeUnary (C:\TimeToCode\Flavorum\node_modules\@babel\parser\lib\index.js:11067:23)
    at FlowParserMixin.parseMaybeUnaryOrPrivate (C:\TimeToCode\Flavorum\node_modules\@babel\parser\lib\index.js:10920:61)
    at FlowParserMixin.parseExprOps (C:\TimeToCode\Flavorum\node_modules\@babel\parser\lib\index.js:10925:23)
    at FlowParserMixin.parseMaybeConditional (C:\TimeToCode\Flavorum\node_modules\@babel\parser\lib\index.js:10902:23)
    at FlowParserMixin.parseMaybeAssign (C:\TimeToCode\Flavorum\node_modules\@babel\parser\lib\index.js:10852:21)
    at FlowParserMixin.parseMaybeAssign (C:\TimeToCode\Flavorum\node_modules\@babel\parser\lib\index.js:3565:18)
    at C:\TimeToCode\Flavorum\node_modules\@babel\parser\lib\index.js:10821:39
    at FlowParserMixin.allowInAnd (C:\TimeToCode\Flavorum\node_modules\@babel\parser\lib\index.js:12450:16)
    at FlowParserMixin.parseMaybeAssignAllowIn (C:\TimeToCode\Flavorum\node_modules\@babel\parser\lib\index.js:10821:17)
    at FlowParserMixin.parseVar (C:\TimeToCode\Flavorum\node_modules\@babel\parser\lib\index.js:13413:91)
    at FlowParserMixin.parseVarStatement (C:\TimeToCode\Flavorum\node_modules\@babel\parser\lib\index.js:13259:10)
    at FlowParserMixin.parseStatementContent (C:\TimeToCode\Flavorum\node_modules\@babel\parser\lib\index.js:12880:23)
    at FlowParserMixin.parseStatementLike (C:\TimeToCode\Flavorum\node_modules\@babel\parser\lib\index.js:12796:17)
    at FlowParserMixin.parseStatementLike (C:\TimeToCode\Flavorum\node_modules\@babel\parser\lib\index.js:2934:24)
    at FlowParserMixin.parseStatementListItem (C:\TimeToCode\Flavorum\node_modules\@babel\parser\lib\index.js:12776:17)
    at FlowParserMixin.parseExportDeclaration (C:\TimeToCode\Flavorum\node_modules\@babel\parser\lib\index.js:13963:17)
    at FlowParserMixin.parseExportDeclaration (C:\TimeToCode\Flavorum\node_modules\@babel\parser\lib\index.js:3136:20)
    at FlowParserMixin.maybeParseExportDeclaration (C:\TimeToCode\Flavorum\node_modules\@babel\parser\lib\index.js:13922:31)
    at FlowParserMixin.parseExport (C:\TimeToCode\Flavorum\node_modules\@babel\parser\lib\index.js:13841:29)
    at FlowParserMixin.parseStatementContent (C:\TimeToCode\Flavorum\node_modules\@babel\parser\lib\index.js:12907:27)
    at FlowParserMixin.parseStatementLike (C:\TimeToCode\Flavorum\node_modules\@babel\parser\lib\index.js:12796:17)
    at FlowParserMixin.parseStatementLike (C:\TimeToCode\Flavorum\node_modules\@babel\parser\lib\index.js:2934:24)
    at FlowParserMixin.parseModuleItem (C:\TimeToCode\Flavorum\node_modules\@babel\parser\lib\index.js:12773:17)
    at FlowParserMixin.parseBlockOrModuleBlockBody (C:\TimeToCode\Flavorum\node_modules\@babel\parser\lib\index.js:13345:36)
    at FlowParserMixin.parseBlockBody (C:\TimeToCode\Flavorum\node_modules\@babel\parser\lib\index.js:13338:10)
    at FlowParserMixin.parseProgram (C:\TimeToCode\Flavorum\node_modules\@babel\parser\lib\index.js:12651:10)
    at FlowParserMixin.parseTopLevel (C:\TimeToCode\Flavorum\node_modules\@babel\parser\lib\index.js:12641:25)
    at FlowParserMixin.parseTopLevel (C:\TimeToCode\Flavorum\node_modules\@babel\parser\lib\index.js:3701:28)
    at FlowParserMixin.parse (C:\TimeToCode\Flavorum\node_modules\@babel\parser\lib\index.js:14517:25)
    at parse (C:\TimeToCode\Flavorum\node_modules\@babel\parser\lib\index.js:14530:26)
    at parser (C:\TimeToCode\Flavorum\node_modules\@babel\core\lib\parser\index.js:41:34)
 ERROR  SyntaxError: C:\TimeToCode\Flavorum\src\data\flavors.js: Unterminated string constant. (161:2)

  159 |   'Absolut Bulgar',
  160 |   'Absolute',
> 161 |   'Absolute (Tobacco)-Xi\',
      |   ^
  162 |   ',
  163 | ]
  164 |
    at constructor (C:\TimeToCode\Flavorum\node_modules\@babel\parser\lib\index.js:369:19)
    at FlowParserMixin.raise (C:\TimeToCode\Flavorum\node_modules\@babel\parser\lib\index.js:6620:19)
    at Object.unterminated (C:\TimeToCode\Flavorum\node_modules\@babel\parser\lib\index.js:5685:20)
    at readStringContents (C:\TimeToCode\Flavorum\node_modules\@babel\parser\lib\index.js:5427:16)
    at FlowParserMixin.readString (C:\TimeToCode\Flavorum\node_modules\@babel\parser\lib\index.js:6519:9)
    at FlowParserMixin.getTokenFromCode (C:\TimeToCode\Flavorum\node_modules\@babel\parser\lib\index.js:6279:14)
    at FlowParserMixin.getTokenFromCode (C:\TimeToCode\Flavorum\node_modules\@babel\parser\lib\index.js:4813:11)
    at FlowParserMixin.getTokenFromCode (C:\TimeToCode\Flavorum\node_modules\@babel\parser\lib\index.js:3213:13)
    at FlowParserMixin.nextToken (C:\TimeToCode\Flavorum\node_modules\@babel\parser\lib\index.js:5803:10)
    at FlowParserMixin.next (C:\TimeToCode\Flavorum\node_modules\@babel\parser\lib\index.js:5713:10)
    at FlowParserMixin.eat (C:\TimeToCode\Flavorum\node_modules\@babel\parser\lib\index.js:5717:12)
    at FlowParserMixin.expect (C:\TimeToCode\Flavorum\node_modules\@babel\parser\lib\index.js:6919:15)
    at FlowParserMixin.parseExprList (C:\TimeToCode\Flavorum\node_modules\@babel\parser\lib\index.js:12170:14)
    at FlowParserMixin.parseArrayLike (C:\TimeToCode\Flavorum\node_modules\@babel\parser\lib\index.js:12086:26)
    at FlowParserMixin.parseArrayLike (C:\TimeToCode\Flavorum\node_modules\@babel\parser\lib\index.js:3249:24)
    at FlowParserMixin.parseExprAtom (C:\TimeToCode\Flavorum\node_modules\@babel\parser\lib\index.js:11361:23)
    at FlowParserMixin.parseExprAtom (C:\TimeToCode\Flavorum\node_modules\@babel\parser\lib\index.js:4780:20)
    at FlowParserMixin.parseExprSubscripts (C:\TimeToCode\Flavorum\node_modules\@babel\parser\lib\index.js:11102:23)
    at FlowParserMixin.parseUpdate (C:\TimeToCode\Flavorum\node_modules\@babel\parser\lib\index.js:11087:21)
    at FlowParserMixin.parseMaybeUnary (C:\TimeToCode\Flavorum\node_modules\@babel\parser\lib\index.js:11067:23)
    at FlowParserMixin.parseMaybeUnaryOrPrivate (C:\TimeToCode\Flavorum\node_modules\@babel\parser\lib\index.js:10920:61)
    at FlowParserMixin.parseExprOps (C:\TimeToCode\Flavorum\node_modules\@babel\parser\lib\index.js:10925:23)
    at FlowParserMixin.parseMaybeConditional (C:\TimeToCode\Flavorum\node_modules\@babel\parser\lib\index.js:10902:23)
    at FlowParserMixin.parseMaybeAssign (C:\TimeToCode\Flavorum\node_modules\@babel\parser\lib\index.js:10852:21)
    at FlowParserMixin.parseMaybeAssign (C:\TimeToCode\Flavorum\node_modules\@babel\parser\lib\index.js:3565:18)
    at C:\TimeToCode\Flavorum\node_modules\@babel\parser\lib\index.js:10821:39
    at FlowParserMixin.allowInAnd (C:\TimeToCode\Flavorum\node_modules\@babel\parser\lib\index.js:12450:16)
    at FlowParserMixin.parseMaybeAssignAllowIn (C:\TimeToCode\Flavorum\node_modules\@babel\parser\lib\index.js:10821:17)
    at FlowParserMixin.parseVar (C:\TimeToCode\Flavorum\node_modules\@babel\parser\lib\index.js:13413:91)
    at FlowParserMixin.parseVarStatement (C:\TimeToCode\Flavorum\node_modules\@babel\parser\lib\index.js:13259:10)
    at FlowParserMixin.parseStatementContent (C:\TimeToCode\Flavorum\node_modules\@babel\parser\lib\index.js:12880:23)
    at FlowParserMixin.parseStatementLike (C:\TimeToCode\Flavorum\node_modules\@babel\parser\lib\index.js:12796:17)
    at FlowParserMixin.parseStatementLike (C:\TimeToCode\Flavorum\node_modules\@babel\parser\lib\index.js:2934:24)
    at FlowParserMixin.parseStatementListItem (C:\TimeToCode\Flavorum\node_modules\@babel\parser\lib\index.js:12776:17)
    at FlowParserMixin.parseExportDeclaration (C:\TimeToCode\Flavorum\node_modules\@babel\parser\lib\index.js:13963:17)
    at FlowParserMixin.parseExportDeclaration (C:\TimeToCode\Flavorum\node_modules\@babel\parser\lib\index.js:3136:20)
    at FlowParserMixin.maybeParseExportDeclaration (C:\TimeToCode\Flavorum\node_modules\@babel\parser\lib\index.js:13922:31)
    at FlowParserMixin.parseExport (C:\TimeToCode\Flavorum\node_modules\@babel\parser\lib\index.js:13841:29)
    at FlowParserMixin.parseStatementContent (C:\TimeToCode\Flavorum\node_modules\@babel\parser\lib\index.js:12907:27)
    at FlowParserMixin.parseStatementLike (C:\TimeToCode\Flavorum\node_modules\@babel\parser\lib\index.js:12796:17)
    at FlowParserMixin.parseStatementLike (C:\TimeToCode\Flavorum\node_modules\@babel\parser\lib\index.js:2934:24)
    at FlowParserMixin.parseModuleItem (C:\TimeToCode\Flavorum\node_modules\@babel\parser\lib\index.js:12773:17)
    at FlowParserMixin.parseBlockOrModuleBlockBody (C:\TimeToCode\Flavorum\node_modules\@babel\parser\lib\index.js:13345:36)
    at FlowParserMixin.parseBlockBody (C:\TimeToCode\Flavorum\node_modules\@babel\parser\lib\index.js:13338:10)
    at FlowParserMixin.parseProgram (C:\TimeToCode\Flavorum\node_modules\@babel\parser\lib\index.js:12651:10)
    at FlowParserMixin.parseTopLevel (C:\TimeToCode\Flavorum\node_modules\@babel\parser\lib\index.js:12641:25)
    at FlowParserMixin.parseTopLevel (C:\TimeToCode\Flavorum\node_modules\@babel\parser\lib\index.js:3701:28)
    at FlowParserMixin.parse (C:\TimeToCode\Flavorum\node_modules\@babel\parser\lib\index.js:14517:25)
    at parse (C:\TimeToCode\Flavorum\node_modules\@babel\parser\lib\index.js:14530:26)
    at parser (C:\TimeToCode\Flavorum\node_modules\@babel\core\lib\parser\index.js:41:34)
 ERROR  SyntaxError: C:\TimeToCode\Flavorum\src\data\flavors.js: Unterminated string constant. (161:2)

  159 |   'Absolut Bulgar',
  160 |   'Absolute',
> 161 |   'Absolute (Tobacco)-Xi\',
      |   ^
  162 |   ',
  163 | ]
  164 |
    at constructor (C:\TimeToCode\Flavorum\node_modules\@babel\parser\lib\index.js:369:19)
    at FlowParserMixin.raise (C:\TimeToCode\Flavorum\node_modules\@babel\parser\lib\index.js:6620:19)
    at Object.unterminated (C:\TimeToCode\Flavorum\node_modules\@babel\parser\lib\index.js:5685:20)
    at readStringContents (C:\TimeToCode\Flavorum\node_modules\@babel\parser\lib\index.js:5427:16)
    at FlowParserMixin.readString (C:\TimeToCode\Flavorum\node_modules\@babel\parser\lib\index.js:6519:9)
    at FlowParserMixin.getTokenFromCode (C:\TimeToCode\Flavorum\node_modules\@babel\parser\lib\index.js:6279:14)
    at FlowParserMixin.getTokenFromCode (C:\TimeToCode\Flavorum\node_modules\@babel\parser\lib\index.js:4813:11)
    at FlowParserMixin.getTokenFromCode (C:\TimeToCode\Flavorum\node_modules\@babel\parser\lib\index.js:3213:13)
    at FlowParserMixin.nextToken (C:\TimeToCode\Flavorum\node_modules\@babel\parser\lib\index.js:5803:10)
    at FlowParserMixin.next (C:\TimeToCode\Flavorum\node_modules\@babel\parser\lib\index.js:5713:10)
    at FlowParserMixin.eat (C:\TimeToCode\Flavorum\node_modules\@babel\parser\lib\index.js:5717:12)
    at FlowParserMixin.expect (C:\TimeToCode\Flavorum\node_modules\@babel\parser\lib\index.js:6919:15)
    at FlowParserMixin.parseExprList (C:\TimeToCode\Flavorum\node_modules\@babel\parser\lib\index.js:12170:14)
    at FlowParserMixin.parseArrayLike (C:\TimeToCode\Flavorum\node_modules\@babel\parser\lib\index.js:12086:26)
    at FlowParserMixin.parseArrayLike (C:\TimeToCode\Flavorum\node_modules\@babel\parser\lib\index.js:3249:24)
    at FlowParserMixin.parseExprAtom (C:\TimeToCode\Flavorum\node_modules\@babel\parser\lib\index.js:11361:23)
    at FlowParserMixin.parseExprAtom (C:\TimeToCode\Flavorum\node_modules\@babel\parser\lib\index.js:4780:20)
    at FlowParserMixin.parseExprSubscripts (C:\TimeToCode\Flavorum\node_modules\@babel\parser\lib\index.js:11102:23)
    at FlowParserMixin.parseUpdate (C:\TimeToCode\Flavorum\node_modules\@babel\parser\lib\index.js:11087:21)
    at FlowParserMixin.parseMaybeUnary (C:\TimeToCode\Flavorum\node_modules\@babel\parser\lib\index.js:11067:23)
    at FlowParserMixin.parseMaybeUnaryOrPrivate (C:\TimeToCode\Flavorum\node_modules\@babel\parser\lib\index.js:10920:61)
    at FlowParserMixin.parseExprOps (C:\TimeToCode\Flavorum\node_modules\@babel\parser\lib\index.js:10925:23)
    at FlowParserMixin.parseMaybeConditional (C:\TimeToCode\Flavorum\node_modules\@babel\parser\lib\index.js:10902:23)
    at FlowParserMixin.parseMaybeAssign (C:\TimeToCode\Flavorum\node_modules\@babel\parser\lib\index.js:10852:21)
    at FlowParserMixin.parseMaybeAssign (C:\TimeToCode\Flavorum\node_modules\@babel\parser\lib\index.js:3565:18)
    at C:\TimeToCode\Flavorum\node_modules\@babel\parser\lib\index.js:10821:39
    at FlowParserMixin.allowInAnd (C:\TimeToCode\Flavorum\node_modules\@babel\parser\lib\index.js:12450:16)
    at FlowParserMixin.parseMaybeAssignAllowIn (C:\TimeToCode\Flavorum\node_modules\@babel\parser\lib\index.js:10821:17)
    at FlowParserMixin.parseVar (C:\TimeToCode\Flavorum\node_modules\@babel\parser\lib\index.js:13413:91)
    at FlowParserMixin.parseVarStatement (C:\TimeToCode\Flavorum\node_modules\@babel\parser\lib\index.js:13259:10)
    at FlowParserMixin.parseStatementContent (C:\TimeToCode\Flavorum\node_modules\@babel\parser\lib\index.js:12880:23)
    at FlowParserMixin.parseStatementLike (C:\TimeToCode\Flavorum\node_modules\@babel\parser\lib\index.js:12796:17)
    at FlowParserMixin.parseStatementLike (C:\TimeToCode\Flavorum\node_modules\@babel\parser\lib\index.js:2934:24)
    at FlowParserMixin.parseStatementListItem (C:\TimeToCode\Flavorum\node_modules\@babel\parser\lib\index.js:12776:17)
    at FlowParserMixin.parseExportDeclaration (C:\TimeToCode\Flavorum\node_modules\@babel\parser\lib\index.js:13963:17)
    at FlowParserMixin.parseExportDeclaration (C:\TimeToCode\Flavorum\node_modules\@babel\parser\lib\index.js:3136:20)
    at FlowParserMixin.maybeParseExportDeclaration (C:\TimeToCode\Flavorum\node_modules\@babel\parser\lib\index.js:13922:31)
    at FlowParserMixin.parseExport (C:\TimeToCode\Flavorum\node_modules\@babel\parser\lib\index.js:13841:29)
    at FlowParserMixin.parseStatementContent (C:\TimeToCode\Flavorum\node_modules\@babel\parser\lib\index.js:12907:27)
    at FlowParserMixin.parseStatementLike (C:\TimeToCode\Flavorum\node_modules\@babel\parser\lib\index.js:12796:17)
    at FlowParserMixin.parseStatementLike (C:\TimeToCode\Flavorum\node_modules\@babel\parser\lib\index.js:2934:24)
    at FlowParserMixin.parseModuleItem (C:\TimeToCode\Flavorum\node_modules\@babel\parser\lib\index.js:12773:17)
    at FlowParserMixin.parseBlockOrModuleBlockBody (C:\TimeToCode\Flavorum\node_modules\@babel\parser\lib\index.js:13345:36)
    at FlowParserMixin.parseBlockBody (C:\TimeToCode\Flavorum\node_modules\@babel\parser\lib\index.js:13338:10)
    at FlowParserMixin.parseProgram (C:\TimeToCode\Flavorum\node_modules\@babel\parser\lib\index.js:12651:10)
    at FlowParserMixin.parseTopLevel (C:\TimeToCode\Flavorum\node_modules\@babel\parser\lib\index.js:12641:25)
    at FlowParserMixin.parseTopLevel (C:\TimeToCode\Flavorum\node_modules\@babel\parser\lib\index.js:3701:28)
    at FlowParserMixin.parse (C:\TimeToCode\Flavorum\node_modules\@babel\parser\lib\index.js:14517:25)
    at parse (C:\TimeToCode\Flavorum\node_modules\@babel\parser\lib\index.js:14530:26)
    at parser (C:\TimeToCode\Flavorum\node_modules\@babel\core\lib\parser\index.js:41:34)
 ERROR  SyntaxError: C:\TimeToCode\Flavorum\src\data\flavors.js: Unterminated string constant. (161:2)

  159 |   'Absolut Bulgar',
  160 |   'Absolute',
> 161 |   'Absolute (Tobacco)-Xi\',
      |   ^
  162 |   ',
  163 | ]
  164 |
    at constructor (C:\TimeToCode\Flavorum\node_modules\@babel\parser\lib\index.js:369:19)
    at FlowParserMixin.raise (C:\TimeToCode\Flavorum\node_modules\@babel\parser\lib\index.js:6620:19)
    at Object.unterminated (C:\TimeToCode\Flavorum\node_modules\@babel\parser\lib\index.js:5685:20)
    at readStringContents (C:\TimeToCode\Flavorum\node_modules\@babel\parser\lib\index.js:5427:16)
    at FlowParserMixin.readString (C:\TimeToCode\Flavorum\node_modules\@babel\parser\lib\index.js:6519:9)
    at FlowParserMixin.getTokenFromCode (C:\TimeToCode\Flavorum\node_modules\@babel\parser\lib\index.js:6279:14)
    at FlowParserMixin.getTokenFromCode (C:\TimeToCode\Flavorum\node_modules\@babel\parser\lib\index.js:4813:11)
    at FlowParserMixin.getTokenFromCode (C:\TimeToCode\Flavorum\node_modules\@babel\parser\lib\index.js:3213:13)
    at FlowParserMixin.nextToken (C:\TimeToCode\Flavorum\node_modules\@babel\parser\lib\index.js:5803:10)
    at FlowParserMixin.next (C:\TimeToCode\Flavorum\node_modules\@babel\parser\lib\index.js:5713:10)
    at FlowParserMixin.eat (C:\TimeToCode\Flavorum\node_modules\@babel\parser\lib\index.js:5717:12)
    at FlowParserMixin.expect (C:\TimeToCode\Flavorum\node_modules\@babel\parser\lib\index.js:6919:15)
    at FlowParserMixin.parseExprList (C:\TimeToCode\Flavorum\node_modules\@babel\parser\lib\index.js:12170:14)
    at FlowParserMixin.parseArrayLike (C:\TimeToCode\Flavorum\node_modules\@babel\parser\lib\index.js:12086:26)
    at FlowParserMixin.parseArrayLike (C:\TimeToCode\Flavorum\node_modules\@babel\parser\lib\index.js:3249:24)
    at FlowParserMixin.parseExprAtom (C:\TimeToCode\Flavorum\node_modules\@babel\parser\lib\index.js:11361:23)
    at FlowParserMixin.parseExprAtom (C:\TimeToCode\Flavorum\node_modules\@babel\parser\lib\index.js:4780:20)
    at FlowParserMixin.parseExprSubscripts (C:\TimeToCode\Flavorum\node_modules\@babel\parser\lib\index.js:11102:23)
    at FlowParserMixin.parseUpdate (C:\TimeToCode\Flavorum\node_modules\@babel\parser\lib\index.js:11087:21)
    at FlowParserMixin.parseMaybeUnary (C:\TimeToCode\Flavorum\node_modules\@babel\parser\lib\index.js:11067:23)
    at FlowParserMixin.parseMaybeUnaryOrPrivate (C:\TimeToCode\Flavorum\node_modules\@babel\parser\lib\index.js:10920:61)
    at FlowParserMixin.parseExprOps (C:\TimeToCode\Flavorum\node_modules\@babel\parser\lib\index.js:10925:23)
    at FlowParserMixin.parseMaybeConditional (C:\TimeToCode\Flavorum\node_modules\@babel\parser\lib\index.js:10902:23)
    at FlowParserMixin.parseMaybeAssign (C:\TimeToCode\Flavorum\node_modules\@babel\parser\lib\index.js:10852:21)
    at FlowParserMixin.parseMaybeAssign (C:\TimeToCode\Flavorum\node_modules\@babel\parser\lib\index.js:3565:18)
    at C:\TimeToCode\Flavorum\node_modules\@babel\parser\lib\index.js:10821:39
    at FlowParserMixin.allowInAnd (C:\TimeToCode\Flavorum\node_modules\@babel\parser\lib\index.js:12450:16)
    at FlowParserMixin.parseMaybeAssignAllowIn (C:\TimeToCode\Flavorum\node_modules\@babel\parser\lib\index.js:10821:17)
    at FlowParserMixin.parseVar (C:\TimeToCode\Flavorum\node_modules\@babel\parser\lib\index.js:13413:91)
    at FlowParserMixin.parseVarStatement (C:\TimeToCode\Flavorum\node_modules\@babel\parser\lib\index.js:13259:10)
    at FlowParserMixin.parseStatementContent (C:\TimeToCode\Flavorum\node_modules\@babel\parser\lib\index.js:12880:23)
    at FlowParserMixin.parseStatementLike (C:\TimeToCode\Flavorum\node_modules\@babel\parser\lib\index.js:12796:17)
    at FlowParserMixin.parseStatementLike (C:\TimeToCode\Flavorum\node_modules\@babel\parser\lib\index.js:2934:24)
    at FlowParserMixin.parseStatementListItem (C:\TimeToCode\Flavorum\node_modules\@babel\parser\lib\index.js:12776:17)
    at FlowParserMixin.parseExportDeclaration (C:\TimeToCode\Flavorum\node_modules\@babel\parser\lib\index.js:13963:17)
    at FlowParserMixin.parseExportDeclaration (C:\TimeToCode\Flavorum\node_modules\@babel\parser\lib\index.js:3136:20)
    at FlowParserMixin.maybeParseExportDeclaration (C:\TimeToCode\Flavorum\node_modules\@babel\parser\lib\index.js:13922:31)
    at FlowParserMixin.parseExport (C:\TimeToCode\Flavorum\node_modules\@babel\parser\lib\index.js:13841:29)
    at FlowParserMixin.parseStatementContent (C:\TimeToCode\Flavorum\node_modules\@babel\parser\lib\index.js:12907:27)
    at FlowParserMixin.parseStatementLike (C:\TimeToCode\Flavorum\node_modules\@babel\parser\lib\index.js:12796:17)
    at FlowParserMixin.parseStatementLike (C:\TimeToCode\Flavorum\node_modules\@babel\parser\lib\index.js:2934:24)
    at FlowParserMixin.parseModuleItem (C:\TimeToCode\Flavorum\node_modules\@babel\parser\lib\index.js:12773:17)
    at FlowParserMixin.parseBlockOrModuleBlockBody (C:\TimeToCode\Flavorum\node_modules\@babel\parser\lib\index.js:13345:36)
    at FlowParserMixin.parseBlockBody (C:\TimeToCode\Flavorum\node_modules\@babel\parser\lib\index.js:13338:10)
    at FlowParserMixin.parseProgram (C:\TimeToCode\Flavorum\node_modules\@babel\parser\lib\index.js:12651:10)
    at FlowParserMixin.parseTopLevel (C:\TimeToCode\Flavorum\node_modules\@babel\parser\lib\index.js:12641:25)
    at FlowParserMixin.parseTopLevel (C:\TimeToCode\Flavorum\node_modules\@babel\parser\lib\index.js:3701:28)
    at FlowParserMixin.parse (C:\TimeToCode\Flavorum\node_modules\@babel\parser\lib\index.js:14517:25)
    at parse (C:\TimeToCode\Flavorum\node_modules\@babel\parser\lib\index.js:14530:26)
    at parser (C:\TimeToCode\Flavorum\node_modules\@babel\core\lib\parser\index.js:41:34)
 ERROR  SyntaxError: C:\TimeToCode\Flavorum\src\data\flavors.js: Unterminated string constant. (161:2)

  159 |   'Absolut Bulgar',
  160 |   'Absolute',
> 161 |   'Absolute (Tobacco)-Xi\',
      |   ^
  162 |   ',
  163 | ]
  164 |
    at constructor (C:\TimeToCode\Flavorum\node_modules\@babel\parser\lib\index.js:369:19)
    at FlowParserMixin.raise (C:\TimeToCode\Flavorum\node_modules\@babel\parser\lib\index.js:6620:19)
    at Object.unterminated (C:\TimeToCode\Flavorum\node_modules\@babel\parser\lib\index.js:5685:20)
    at readStringContents (C:\TimeToCode\Flavorum\node_modules\@babel\parser\lib\index.js:5427:16)
    at FlowParserMixin.readString (C:\TimeToCode\Flavorum\node_modules\@babel\parser\lib\index.js:6519:9)
    at FlowParserMixin.getTokenFromCode (C:\TimeToCode\Flavorum\node_modules\@babel\parser\lib\index.js:6279:14)
    at FlowParserMixin.getTokenFromCode (C:\TimeToCode\Flavorum\node_modules\@babel\parser\lib\index.js:4813:11)
    at FlowParserMixin.getTokenFromCode (C:\TimeToCode\Flavorum\node_modules\@babel\parser\lib\index.js:3213:13)
    at FlowParserMixin.nextToken (C:\TimeToCode\Flavorum\node_modules\@babel\parser\lib\index.js:5803:10)
    at FlowParserMixin.next (C:\TimeToCode\Flavorum\node_modules\@babel\parser\lib\index.js:5713:10)
    at FlowParserMixin.eat (C:\TimeToCode\Flavorum\node_modules\@babel\parser\lib\index.js:5717:12)
    at FlowParserMixin.expect (C:\TimeToCode\Flavorum\node_modules\@babel\parser\lib\index.js:6919:15)
    at FlowParserMixin.parseExprList (C:\TimeToCode\Flavorum\node_modules\@babel\parser\lib\index.js:12170:14)
    at FlowParserMixin.parseArrayLike (C:\TimeToCode\Flavorum\node_modules\@babel\parser\lib\index.js:12086:26)
    at FlowParserMixin.parseArrayLike (C:\TimeToCode\Flavorum\node_modules\@babel\parser\lib\index.js:3249:24)
    at FlowParserMixin.parseExprAtom (C:\TimeToCode\Flavorum\node_modules\@babel\parser\lib\index.js:11361:23)
    at FlowParserMixin.parseExprAtom (C:\TimeToCode\Flavorum\node_modules\@babel\parser\lib\index.js:4780:20)
    at FlowParserMixin.parseExprSubscripts (C:\TimeToCode\Flavorum\node_modules\@babel\parser\lib\index.js:11102:23)
    at FlowParserMixin.parseUpdate (C:\TimeToCode\Flavorum\node_modules\@babel\parser\lib\index.js:11087:21)
    at FlowParserMixin.parseMaybeUnary (C:\TimeToCode\Flavorum\node_modules\@babel\parser\lib\index.js:11067:23)
    at FlowParserMixin.parseMaybeUnaryOrPrivate (C:\TimeToCode\Flavorum\node_modules\@babel\parser\lib\index.js:10920:61)
    at FlowParserMixin.parseExprOps (C:\TimeToCode\Flavorum\node_modules\@babel\parser\lib\index.js:10925:23)
    at FlowParserMixin.parseMaybeConditional (C:\TimeToCode\Flavorum\node_modules\@babel\parser\lib\index.js:10902:23)
    at FlowParserMixin.parseMaybeAssign (C:\TimeToCode\Flavorum\node_modules\@babel\parser\lib\index.js:10852:21)
    at FlowParserMixin.parseMaybeAssign (C:\TimeToCode\Flavorum\node_modules\@babel\parser\lib\index.js:3565:18)
    at C:\TimeToCode\Flavorum\node_modules\@babel\parser\lib\index.js:10821:39
    at FlowParserMixin.allowInAnd (C:\TimeToCode\Flavorum\node_modules\@babel\parser\lib\index.js:12450:16)
    at FlowParserMixin.parseMaybeAssignAllowIn (C:\TimeToCode\Flavorum\node_modules\@babel\parser\lib\index.js:10821:17)
    at FlowParserMixin.parseVar (C:\TimeToCode\Flavorum\node_modules\@babel\parser\lib\index.js:13413:91)
    at FlowParserMixin.parseVarStatement (C:\TimeToCode\Flavorum\node_modules\@babel\parser\lib\index.js:13259:10)
    at FlowParserMixin.parseStatementContent (C:\TimeToCode\Flavorum\node_modules\@babel\parser\lib\index.js:12880:23)
    at FlowParserMixin.parseStatementLike (C:\TimeToCode\Flavorum\node_modules\@babel\parser\lib\index.js:12796:17)
    at FlowParserMixin.parseStatementLike (C:\TimeToCode\Flavorum\node_modules\@babel\parser\lib\index.js:2934:24)
    at FlowParserMixin.parseStatementListItem (C:\TimeToCode\Flavorum\node_modules\@babel\parser\lib\index.js:12776:17)
    at FlowParserMixin.parseExportDeclaration (C:\TimeToCode\Flavorum\node_modules\@babel\parser\lib\index.js:13963:17)
    at FlowParserMixin.parseExportDeclaration (C:\TimeToCode\Flavorum\node_modules\@babel\parser\lib\index.js:3136:20)
    at FlowParserMixin.maybeParseExportDeclaration (C:\TimeToCode\Flavorum\node_modules\@babel\parser\lib\index.js:13922:31)
    at FlowParserMixin.parseExport (C:\TimeToCode\Flavorum\node_modules\@babel\parser\lib\index.js:13841:29)
    at FlowParserMixin.parseStatementContent (C:\TimeToCode\Flavorum\node_modules\@babel\parser\lib\index.js:12907:27)
    at FlowParserMixin.parseStatementLike (C:\TimeToCode\Flavorum\node_modules\@babel\parser\lib\index.js:12796:17)
    at FlowParserMixin.parseStatementLike (C:\TimeToCode\Flavorum\node_modules\@babel\parser\lib\index.js:2934:24)
    at FlowParserMixin.parseModuleItem (C:\TimeToCode\Flavorum\node_modules\@babel\parser\lib\index.js:12773:17)
    at FlowParserMixin.parseBlockOrModuleBlockBody (C:\TimeToCode\Flavorum\node_modules\@babel\parser\lib\index.js:13345:36)
    at FlowParserMixin.parseBlockBody (C:\TimeToCode\Flavorum\node_modules\@babel\parser\lib\index.js:13338:10)
    at FlowParserMixin.parseProgram (C:\TimeToCode\Flavorum\node_modules\@babel\parser\lib\index.js:12651:10)
    at FlowParserMixin.parseTopLevel (C:\TimeToCode\Flavorum\node_modules\@babel\parser\lib\index.js:12641:25)
    at FlowParserMixin.parseTopLevel (C:\TimeToCode\Flavorum\node_modules\@babel\parser\lib\index.js:3701:28)
    at FlowParserMixin.parse (C:\TimeToCode\Flavorum\node_modules\@babel\parser\lib\index.js:14517:25)
    at parse (C:\TimeToCode\Flavorum\node_modules\@babel\parser\lib\index.js:14530:26)
    at parser (C:\TimeToCode\Flavorum\node_modules\@babel\core\lib\parser\index.js:41:34)
 ERROR  SyntaxError: C:\TimeToCode\Flavorum\src\data\flavors.js: Unterminated string constant. (161:2)

  159 |   'Absolut Bulgar',
  160 |   'Absolute',
> 161 |   'Absolute (Tobacco)-Xi\',
      |   ^
  162 |   ',
  163 | ]
  164 |
    at constructor (C:\TimeToCode\Flavorum\node_modules\@babel\parser\lib\index.js:369:19)
    at FlowParserMixin.raise (C:\TimeToCode\Flavorum\node_modules\@babel\parser\lib\index.js:6620:19)
    at Object.unterminated (C:\TimeToCode\Flavorum\node_modules\@babel\parser\lib\index.js:5685:20)
    at readStringContents (C:\TimeToCode\Flavorum\node_modules\@babel\parser\lib\index.js:5427:16)
    at FlowParserMixin.readString (C:\TimeToCode\Flavorum\node_modules\@babel\parser\lib\index.js:6519:9)
    at FlowParserMixin.getTokenFromCode (C:\TimeToCode\Flavorum\node_modules\@babel\parser\lib\index.js:6279:14)
    at FlowParserMixin.getTokenFromCode (C:\TimeToCode\Flavorum\node_modules\@babel\parser\lib\index.js:4813:11)
    at FlowParserMixin.getTokenFromCode (C:\TimeToCode\Flavorum\node_modules\@babel\parser\lib\index.js:3213:13)
    at FlowParserMixin.nextToken (C:\TimeToCode\Flavorum\node_modules\@babel\parser\lib\index.js:5803:10)
    at FlowParserMixin.next (C:\TimeToCode\Flavorum\node_modules\@babel\parser\lib\index.js:5713:10)
    at FlowParserMixin.eat (C:\TimeToCode\Flavorum\node_modules\@babel\parser\lib\index.js:5717:12)
    at FlowParserMixin.expect (C:\TimeToCode\Flavorum\node_modules\@babel\parser\lib\index.js:6919:15)
    at FlowParserMixin.parseExprList (C:\TimeToCode\Flavorum\node_modules\@babel\parser\lib\index.js:12170:14)
    at FlowParserMixin.parseArrayLike (C:\TimeToCode\Flavorum\node_modules\@babel\parser\lib\index.js:12086:26)
    at FlowParserMixin.parseArrayLike (C:\TimeToCode\Flavorum\node_modules\@babel\parser\lib\index.js:3249:24)
    at FlowParserMixin.parseExprAtom (C:\TimeToCode\Flavorum\node_modules\@babel\parser\lib\index.js:11361:23)
    at FlowParserMixin.parseExprAtom (C:\TimeToCode\Flavorum\node_modules\@babel\parser\lib\index.js:4780:20)
    at FlowParserMixin.parseExprSubscripts (C:\TimeToCode\Flavorum\node_modules\@babel\parser\lib\index.js:11102:23)
    at FlowParserMixin.parseUpdate (C:\TimeToCode\Flavorum\node_modules\@babel\parser\lib\index.js:11087:21)
    at FlowParserMixin.parseMaybeUnary (C:\TimeToCode\Flavorum\node_modules\@babel\parser\lib\index.js:11067:23)
    at FlowParserMixin.parseMaybeUnaryOrPrivate (C:\TimeToCode\Flavorum\node_modules\@babel\parser\lib\index.js:10920:61)
    at FlowParserMixin.parseExprOps (C:\TimeToCode\Flavorum\node_modules\@babel\parser\lib\index.js:10925:23)
    at FlowParserMixin.parseMaybeConditional (C:\TimeToCode\Flavorum\node_modules\@babel\parser\lib\index.js:10902:23)
    at FlowParserMixin.parseMaybeAssign (C:\TimeToCode\Flavorum\node_modules\@babel\parser\lib\index.js:10852:21)
    at FlowParserMixin.parseMaybeAssign (C:\TimeToCode\Flavorum\node_modules\@babel\parser\lib\index.js:3565:18)
    at C:\TimeToCode\Flavorum\node_modules\@babel\parser\lib\index.js:10821:39
    at FlowParserMixin.allowInAnd (C:\TimeToCode\Flavorum\node_modules\@babel\parser\lib\index.js:12450:16)
    at FlowParserMixin.parseMaybeAssignAllowIn (C:\TimeToCode\Flavorum\node_modules\@babel\parser\lib\index.js:10821:17)
    at FlowParserMixin.parseVar (C:\TimeToCode\Flavorum\node_modules\@babel\parser\lib\index.js:13413:91)
    at FlowParserMixin.parseVarStatement (C:\TimeToCode\Flavorum\node_modules\@babel\parser\lib\index.js:13259:10)
    at FlowParserMixin.parseStatementContent (C:\TimeToCode\Flavorum\node_modules\@babel\parser\lib\index.js:12880:23)
    at FlowParserMixin.parseStatementLike (C:\TimeToCode\Flavorum\node_modules\@babel\parser\lib\index.js:12796:17)
    at FlowParserMixin.parseStatementLike (C:\TimeToCode\Flavorum\node_modules\@babel\parser\lib\index.js:2934:24)
    at FlowParserMixin.parseStatementListItem (C:\TimeToCode\Flavorum\node_modules\@babel\parser\lib\index.js:12776:17)
    at FlowParserMixin.parseExportDeclaration (C:\TimeToCode\Flavorum\node_modules\@babel\parser\lib\index.js:13963:17)
    at FlowParserMixin.parseExportDeclaration (C:\TimeToCode\Flavorum\node_modules\@babel\parser\lib\index.js:3136:20)
    at FlowParserMixin.maybeParseExportDeclaration (C:\TimeToCode\Flavorum\node_modules\@babel\parser\lib\index.js:13922:31)
    at FlowParserMixin.parseExport (C:\TimeToCode\Flavorum\node_modules\@babel\parser\lib\index.js:13841:29)
    at FlowParserMixin.parseStatementContent (C:\TimeToCode\Flavorum\node_modules\@babel\parser\lib\index.js:12907:27)
    at FlowParserMixin.parseStatementLike (C:\TimeToCode\Flavorum\node_modules\@babel\parser\lib\index.js:12796:17)
    at FlowParserMixin.parseStatementLike (C:\TimeToCode\Flavorum\node_modules\@babel\parser\lib\index.js:2934:24)
    at FlowParserMixin.parseModuleItem (C:\TimeToCode\Flavorum\node_modules\@babel\parser\lib\index.js:12773:17)
    at FlowParserMixin.parseBlockOrModuleBlockBody (C:\TimeToCode\Flavorum\node_modules\@babel\parser\lib\index.js:13345:36)
    at FlowParserMixin.parseBlockBody (C:\TimeToCode\Flavorum\node_modules\@babel\parser\lib\index.js:13338:10)
    at FlowParserMixin.parseProgram (C:\TimeToCode\Flavorum\node_modules\@babel\parser\lib\index.js:12651:10)
    at FlowParserMixin.parseTopLevel (C:\TimeToCode\Flavorum\node_modules\@babel\parser\lib\index.js:12641:25)
    at FlowParserMixin.parseTopLevel (C:\TimeToCode\Flavorum\node_modules\@babel\parser\lib\index.js:3701:28)
    at FlowParserMixin.parse (C:\TimeToCode\Flavorum\node_modules\@babel\parser\lib\index.js:14517:25)
    at parse (C:\TimeToCode\Flavorum\node_modules\@babel\parser\lib\index.js:14530:26)
    at parser (C:\TimeToCode\Flavorum\node_modules\@babel\core\lib\parser\index.js:41:34)
Web .\index.js ░░░░░░░░░░░░░░░░  0.0% (0/1)
Web Bundled 97ms index.js (1 module)
Web .\index.js ░░░░░░░░░░░░░░░░  0.0% (0/1)
Web Bundled 33ms index.js (1 module)
Web .\index.js ░░░░░░░░░░░░░░░░  0.0% (0/1)
Web Bundled 78ms index.js (1 module)
Web .\index.js ░░░░░░░░░░░░░░░░  0.0% (0/1)
Web Bundled 77ms index.js (1 module)
Web .\index.js ░░░░░░░░░░░░░░░░  0.0% (0/1)
Web Bundled 107ms index.js (1 module)
Web .\index.js ░░░░░░░░░░░░░░░░  0.0% (0/1)
Web Bundled 34ms index.js (1 module)
 LOG  [web] Logs will appear in the browser console
Web .\index.js ░░░░░░░░░░░░░░░░  0.0% (0/1)
Web Bundled 34ms index.js (1 module)
 LOG  [web] Logs will appear in the browser console
Web .\index.js ░░░░░░░░░░░░░░░░  0.0% (0/1)
Web Bundled 190ms index.js (1 module)
Web .\index.js ░░░░░░░░░░░░░░░░  0.0% (0/1)
Web Bundled 57ms index.js (1 module)
Web .\index.js ░░░░░░░░░░░░░░░░  0.0% (0/1)
Web Bundled 70ms index.js (1 module)
Web .\index.js ░░░░░░░░░░░░░░░░  0.0% (0/1)
Web Bundled 62ms index.js (1 module)
Web .\index.js ░░░░░░░░░░░░░░░░  0.0% (0/1)
Web Bundled 93ms index.js (1 module)
Web .\index.js ░░░░░░░░░░░░░░░░  0.0% (0/1)
Web Bundled 28ms index.js (1 module)
 LOG  [web] Logs will appear in the browser console
Web Bundled 22ms index.js (1 module)
Web .\index.js ░░░░░░░░░░░░░░░░  0.0% (0/1)
 LOG  [web] Logs will appear in the browser console
Web Bundled 63ms index.js (1 module)
Web .\index.js ░░░░░░░░░░░░░░░░  0.0% (0/1)
Web Bundled 156ms index.js (1 module)
Web .\index.js ░░░░░░░░░░░░░░░░  0.0% (0/1)
Web Bundled 25ms index.js (1 module)
 LOG  [web] Logs will appear in the browser console
Web .\index.js ░░░░░░░░░░░░░░░░  0.0% (0/1)
Web Bundled 250ms index.js (1 module)
Web .\index.js ░░░░░░░░░░░░░░░░  0.0% (0/1)
Web Bundled 34ms index.js (1 module)
Web .\index.js ░░░░░░░░░░░░░░░░  0.0% (0/1)
Web Bundled 26ms index.js (1 module)
 LOG  [web] Logs will appear in the browser console
Web .\index.js ░░░░░░░░░░░░░░░░  0.0% (0/1)
Web Bundled 319ms index.js (1 module)
Web .\index.js ░░░░░░░░░░░░░░░░  0.0% (0/1)
Web Bundled 108ms index.js (1 module)
Web .\index.js ░░░░░░░░░░░░░░░░  0.0% (0/1)
Web Bundled 229ms index.js (1 module)
